# Linker from Snapdragon LLVM ARM Compiler Version 4.0.17
# Linker based on LLVM version: 4.0
# Notable linker command/script options:
# CPU Architecture Version: 
# Target triple environment for the link: gnueabi
# Maximum GP size: 8
# Link type: Static
# ABI Page Size: 0x4
# CommandLine : C:\Users\2166772\Downloads\snapdragon_sd_llvm_arm.win.4.0_installer_41720.103-16-22_11_46_50\Snapdragon_SD_LLVM_ARM_WIN_4_0_Installer_41720_1\Snapdragon-llvm-4.0.17-windows64\bin\ld.qcld.exe -X --eh-frame-hdr -m armelf_linux_eabi -dynamic-linker /lib/ld-musl-arm.so.1 -o bin\aware_client_v1.elf -lc++ -mno-unaligned-access -entry=0x43000000 src\build\aware_client\txm_module_preamble_llvm.o -Tsrc\aware_client\aware_client.ld -Map=bin\aware_client_v1.map -gc-sections -gc-sections src\build\aware_client\app_config.o src\build\aware_client\app_msg_q.o src\build\aware_client\app_thread.o src\build\aware_client\app_utils_list.o src\build\aware_client\app_utils_log.o src\build\aware_client\app_utils_mem.o src\build\aware_client\app_utils_str.o src\build\aware_client\app_utils_time.o src\build\aware_client\aware_app.o src\build\aware_client\aware_app_state.o src\build\aware_client\aware_device_info.o src\build\aware_client\aware_health_check.o src\build\aware_client\aware_log.o src\build\aware_client\aware_main_thread.o src\build\aware_client\aware_psm.o src\build\aware_client\aware_utils.o src\build\aware_client\cfg_mgr_util.o src\build\aware_client\cJSON.o src\build\aware_client\config_parser.o src\build\aware_client\data_mgr.o src\build\aware_client\data_mgr_coap.o src\build\aware_client\data_mgr_device_info.o src\build\aware_client\data_mgr_dss.o src\build\aware_client\data_mgr_queue.o src\build\aware_client\data_mgr_thread.o src\build\aware_client\data_mgr_utils.o src\build\aware_client\device_common_config.o src\build\aware_client\device_general_config.o src\build\aware_client\device_unique_config.o src\build\aware_client\dictionary.o src\build\aware_client\fota_client.o src\build\aware_client\fota_dam_download.o src\build\aware_client\fota_dam_swapping.o src\build\aware_client\fota_thread.o src\build\aware_client\gnss_worker_sm.o src\build\aware_client\gnss_worker_thread.o src\build\aware_client\gnss_worker_utils.o src\build\aware_client\led_config.o src\build\aware_client\location.pb.o src\build\aware_client\pb_common.o src\build\aware_client\pb_decode.o src\build\aware_client\pb_encode.o src\build\aware_client\qapi_loc_callbacks.o src\build\aware_client\qapi_loc_wrapper.o src\build\aware_client\runtime_config.o src\build\aware_client\sensor_config.o src\build\aware_client\sensor_mgr.o src\build\aware_client\sensor_mgr_thread.o src\build\aware_client\sensor_mgr_utils.o src\build\aware_client\transport_config.o src\build\aware_client\txm_module_preamble_llvm.o src\build\aware_client\version_config.o common\libs\diag_dam_lib.lib common\libs\qapi_dam.lib common\libs\qapi_psm_lib.lib common\libs\timer_dam_lib.lib common\libs\txm_lib.lib -LC:\Users\2166772\Downloads\snapdragon_sd_llvm_arm.win.4.0_installer_41720.103-16-22_11_46_50\Snapdragon_SD_LLVM_ARM_WIN_4_0_Installer_41720_1\Snapdragon-llvm-4.0.17-windows64\armv7m-none-eabi\libc\lib -LC:\Users\2166772\Downloads\snapdragon_sd_llvm_arm.win.4.0_installer_41720.103-16-22_11_46_50\Snapdragon_SD_LLVM_ARM_WIN_4_0_Installer_41720_1\Snapdragon-llvm-4.0.17-windows64\armv7m-none-eabi\lib --start-group -lunwind -lc++ -lc++abi --end-group -LC:\Users\2166772\Downloads\snapdragon_sd_llvm_arm.win.4.0_installer_41720.103-16-22_11_46_50\Snapdragon_SD_LLVM_ARM_WIN_4_0_Installer_41720_1\Snapdragon-llvm-4.0.17-windows64\lib\clang\4.0.17\lib\baremetal --start-group -lc -lclang_rt.builtins-armv7m --end-group -lm -lc 
Archive member included because of file (symbol)
common\libs\qapi_psm_lib.lib(qapi_psm_user.o)
		src\build\aware_client\aware_psm.o (psm_user_space_dispatcher)
common\libs\timer_dam_lib.lib(qapi_timer_user.o)
		src\build\aware_client\app_utils_time.o (qapi_Timer_Def)
common\libs\txm_lib.lib(txm_module_thread_shell_entry.o)
		src\build\aware_client\txm_module_preamble_llvm.o (_txm_module_thread_shell_entry)
common\libs\txm_lib.lib(txm_module_callback_request_thread_entry.o)
		src\build\aware_client\txm_module_preamble_llvm.o (_txm_module_callback_request_thread_entry)
common\libs\txm_lib.lib(txm_module_system_call11.o)
		src\build\aware_client\app_config.o (_txm_module_system_call11)
common\libs\txm_lib.lib(txm_module_system_call12.o)
		src\build\aware_client\aware_device_info.o (_txm_module_system_call12)
common\libs\txm_lib.lib(txm_byte_pool_create.o)
		src\build\aware_client\app_utils_mem.o (_txe_byte_pool_create)
common\libs\txm_lib.lib(txm_byte_allocate.o)
		src\build\aware_client\app_utils_mem.o (_txe_byte_allocate)
common\libs\txm_lib.lib(txm_byte_release.o)
		src\build\aware_client\app_utils_mem.o (_txe_byte_release)
common\libs\txm_lib.lib(txm_event_flags_create.o)
		src\build\aware_client\app_thread.o (_txe_event_flags_create)
common\libs\txm_lib.lib(txm_event_flags_delete.o)
		src\build\aware_client\app_thread.o (_txe_event_flags_delete)
common\libs\txm_lib.lib(txm_event_flags_get.o)
		src\build\aware_client\app_thread.o (_txe_event_flags_get)
common\libs\txm_lib.lib(txm_event_flags_info_get.o)
		src\build\aware_client\data_mgr_utils.o (_txe_event_flags_info_get)
common\libs\txm_lib.lib(txm_event_flags_set.o)
		src\build\aware_client\app_thread.o (_txe_event_flags_set)
common\libs\txm_lib.lib(txm_module_object_allocate.o)
		src\build\aware_client\app_thread.o (_txm_module_object_allocate)
common\libs\txm_lib.lib(txm_module_object_deallocate.o)
		src\build\aware_client\app_thread.o (_txm_module_object_deallocate)
common\libs\txm_lib.lib(txm_module_thread_system_suspend.o)
		common\libs\txm_lib.lib(txm_module_thread_shell_entry.o) (_txm_module_thread_system_suspend)
common\libs\txm_lib.lib(txm_mutex_create.o)
		src\build\aware_client\app_thread.o (_txe_mutex_create)
common\libs\txm_lib.lib(txm_mutex_delete.o)
		src\build\aware_client\app_thread.o (_txe_mutex_delete)
common\libs\txm_lib.lib(txm_mutex_get.o)
		src\build\aware_client\app_thread.o (_txe_mutex_get)
common\libs\txm_lib.lib(txm_mutex_put.o)
		src\build\aware_client\app_thread.o (_txe_mutex_put)
common\libs\txm_lib.lib(txm_queue_receive.o)
		common\libs\txm_lib.lib(txm_module_callback_request_thread_entry.o) (_txe_queue_receive)
common\libs\txm_lib.lib(txm_thread_create.o)
		src\build\aware_client\app_thread.o (_txe_thread_create)
common\libs\txm_lib.lib(txm_thread_delete.o)
		src\build\aware_client\app_thread.o (_txe_thread_delete)
common\libs\txm_lib.lib(txm_thread_identify.o)
		src\build\aware_client\app_thread.o (_tx_thread_identify)
common\libs\txm_lib.lib(txm_thread_preemption_change.o)
		src\build\aware_client\app_thread.o (_txe_thread_preemption_change)
common\libs\txm_lib.lib(txm_thread_resume.o)
		common\libs\txm_lib.lib(txm_module_thread_shell_entry.o) (_txe_thread_resume)
common\libs\txm_lib.lib(txm_thread_sleep.o)
		src\build\aware_client\app_thread.o (_tx_thread_sleep)
common\libs\txm_lib.lib(txm_thread_terminate.o)
		src\build\aware_client\app_thread.o (_txe_thread_terminate)
common\libs\txm_lib.lib(txm_time_get.o)
		src\build\aware_client\data_mgr_queue.o (_tx_time_get)
C:\Users\2166772\Downloads\snapdragon_sd_llvm_arm.win.4.0_installer_41720.103-16-22_11_46_50\Snapdragon_SD_LLVM_ARM_WIN_4_0_Installer_41720_1\Snapdragon-llvm-4.0.17-windows64\armv7m-none-eabi\libc\lib/libc.a(malloc.o)
		src\build\aware_client\cJSON.o (malloc)
C:\Users\2166772\Downloads\snapdragon_sd_llvm_arm.win.4.0_installer_41720.103-16-22_11_46_50\Snapdragon_SD_LLVM_ARM_WIN_4_0_Installer_41720_1\Snapdragon-llvm-4.0.17-windows64\armv7m-none-eabi\libc\lib/libc.a(floor.o)
		src\build\aware_client\cJSON.o (floor)
C:\Users\2166772\Downloads\snapdragon_sd_llvm_arm.win.4.0_installer_41720.103-16-22_11_46_50\Snapdragon_SD_LLVM_ARM_WIN_4_0_Installer_41720_1\Snapdragon-llvm-4.0.17-windows64\armv7m-none-eabi\libc\lib/libc.a(pow.o)
		src\build\aware_client\cJSON.o (pow)
C:\Users\2166772\Downloads\snapdragon_sd_llvm_arm.win.4.0_installer_41720.103-16-22_11_46_50\Snapdragon_SD_LLVM_ARM_WIN_4_0_Installer_41720_1\Snapdragon-llvm-4.0.17-windows64\armv7m-none-eabi\libc\lib/libc.a(scalbn.o)
		C:\Users\2166772\Downloads\snapdragon_sd_llvm_arm.win.4.0_installer_41720.103-16-22_11_46_50\Snapdragon_SD_LLVM_ARM_WIN_4_0_Installer_41720_1\Snapdragon-llvm-4.0.17-windows64\armv7m-none-eabi\libc\lib/libc.a(pow.o) (scalbn)
C:\Users\2166772\Downloads\snapdragon_sd_llvm_arm.win.4.0_installer_41720.103-16-22_11_46_50\Snapdragon_SD_LLVM_ARM_WIN_4_0_Installer_41720_1\Snapdragon-llvm-4.0.17-windows64\armv7m-none-eabi\libc\lib/libc.a(madvise.o)
		C:\Users\2166772\Downloads\snapdragon_sd_llvm_arm.win.4.0_installer_41720.103-16-22_11_46_50\Snapdragon_SD_LLVM_ARM_WIN_4_0_Installer_41720_1\Snapdragon-llvm-4.0.17-windows64\armv7m-none-eabi\libc\lib/libc.a(malloc.o) (__madvise)
C:\Users\2166772\Downloads\snapdragon_sd_llvm_arm.win.4.0_installer_41720.103-16-22_11_46_50\Snapdragon_SD_LLVM_ARM_WIN_4_0_Installer_41720_1\Snapdragon-llvm-4.0.17-windows64\armv7m-none-eabi\libc\lib/libc.a(mremap.o)
		C:\Users\2166772\Downloads\snapdragon_sd_llvm_arm.win.4.0_installer_41720.103-16-22_11_46_50\Snapdragon_SD_LLVM_ARM_WIN_4_0_Installer_41720_1\Snapdragon-llvm-4.0.17-windows64\armv7m-none-eabi\libc\lib/libc.a(malloc.o) (__mremap)
C:\Users\2166772\Downloads\snapdragon_sd_llvm_arm.win.4.0_installer_41720.103-16-22_11_46_50\Snapdragon_SD_LLVM_ARM_WIN_4_0_Installer_41720_1\Snapdragon-llvm-4.0.17-windows64\armv7m-none-eabi\libc\lib/libc.a(munmap.o)
		C:\Users\2166772\Downloads\snapdragon_sd_llvm_arm.win.4.0_installer_41720.103-16-22_11_46_50\Snapdragon_SD_LLVM_ARM_WIN_4_0_Installer_41720_1\Snapdragon-llvm-4.0.17-windows64\armv7m-none-eabi\libc\lib/libc.a(malloc.o) (__munmap)
C:\Users\2166772\Downloads\snapdragon_sd_llvm_arm.win.4.0_installer_41720.103-16-22_11_46_50\Snapdragon_SD_LLVM_ARM_WIN_4_0_Installer_41720_1\Snapdragon-llvm-4.0.17-windows64\armv7m-none-eabi\libc\lib/libc.a(vfprintf.o)
		src\build\aware_client\aware_log.o (vsnprintf)
C:\Users\2166772\Downloads\snapdragon_sd_llvm_arm.win.4.0_installer_41720.103-16-22_11_46_50\Snapdragon_SD_LLVM_ARM_WIN_4_0_Installer_41720_1\Snapdragon-llvm-4.0.17-windows64\armv7m-none-eabi\libc\lib/libc.a(fwrite.o)
		C:\Users\2166772\Downloads\snapdragon_sd_llvm_arm.win.4.0_installer_41720.103-16-22_11_46_50\Snapdragon_SD_LLVM_ARM_WIN_4_0_Installer_41720_1\Snapdragon-llvm-4.0.17-windows64\armv7m-none-eabi\libc\lib/libc.a(vfprintf.o) (__fwritex)
C:\Users\2166772\Downloads\snapdragon_sd_llvm_arm.win.4.0_installer_41720.103-16-22_11_46_50\Snapdragon_SD_LLVM_ARM_WIN_4_0_Installer_41720_1\Snapdragon-llvm-4.0.17-windows64\armv7m-none-eabi\libc\lib/libc.a(snprintf.o)
		src\build\aware_client\aware_main_thread.o (snprintf)
C:\Users\2166772\Downloads\snapdragon_sd_llvm_arm.win.4.0_installer_41720.103-16-22_11_46_50\Snapdragon_SD_LLVM_ARM_WIN_4_0_Installer_41720_1\Snapdragon-llvm-4.0.17-windows64\armv7m-none-eabi\libc\lib/libc.a(vsnprintf.o)
		C:\Users\2166772\Downloads\snapdragon_sd_llvm_arm.win.4.0_installer_41720.103-16-22_11_46_50\Snapdragon_SD_LLVM_ARM_WIN_4_0_Installer_41720_1\Snapdragon-llvm-4.0.17-windows64\armv7m-none-eabi\libc\lib/libc.a(vfprintf.o) (vsnprintf_full)
C:\Users\2166772\Downloads\snapdragon_sd_llvm_arm.win.4.0_installer_41720.103-16-22_11_46_50\Snapdragon_SD_LLVM_ARM_WIN_4_0_Installer_41720_1\Snapdragon-llvm-4.0.17-windows64\armv7m-none-eabi\libc\lib/libc.a(atof.o)
		src\build\aware_client\config_parser.o (atof)
C:\Users\2166772\Downloads\snapdragon_sd_llvm_arm.win.4.0_installer_41720.103-16-22_11_46_50\Snapdragon_SD_LLVM_ARM_WIN_4_0_Installer_41720_1\Snapdragon-llvm-4.0.17-windows64\armv7m-none-eabi\libc\lib/libc.a(atoi.o)
		src\build\aware_client\app_config.o (atoi)
C:\Users\2166772\Downloads\snapdragon_sd_llvm_arm.win.4.0_installer_41720.103-16-22_11_46_50\Snapdragon_SD_LLVM_ARM_WIN_4_0_Installer_41720_1\Snapdragon-llvm-4.0.17-windows64\armv7m-none-eabi\libc\lib/libc.a(strtod.o)
		C:\Users\2166772\Downloads\snapdragon_sd_llvm_arm.win.4.0_installer_41720.103-16-22_11_46_50\Snapdragon_SD_LLVM_ARM_WIN_4_0_Installer_41720_1\Snapdragon-llvm-4.0.17-windows64\armv7m-none-eabi\libc\lib/libc.a(atof.o) (strtod)
C:\Users\2166772\Downloads\snapdragon_sd_llvm_arm.win.4.0_installer_41720.103-16-22_11_46_50\Snapdragon_SD_LLVM_ARM_WIN_4_0_Installer_41720_1\Snapdragon-llvm-4.0.17-windows64\armv7m-none-eabi\libc\lib/libc.a(strtol.o)
		src\build\aware_client\config_parser.o (strtol)
C:\Users\2166772\Downloads\snapdragon_sd_llvm_arm.win.4.0_installer_41720.103-16-22_11_46_50\Snapdragon_SD_LLVM_ARM_WIN_4_0_Installer_41720_1\Snapdragon-llvm-4.0.17-windows64\armv7m-none-eabi\libc\lib/libc.a(__aeabi_memclr.o)
		C:\Users\2166772\Downloads\snapdragon_sd_llvm_arm.win.4.0_installer_41720.103-16-22_11_46_50\Snapdragon_SD_LLVM_ARM_WIN_4_0_Installer_41720_1\Snapdragon-llvm-4.0.17-windows64\armv7m-none-eabi\libc\lib/libc.a(vfprintf.o) (__aeabi_memclr4)
C:\Users\2166772\Downloads\snapdragon_sd_llvm_arm.win.4.0_installer_41720.103-16-22_11_46_50\Snapdragon_SD_LLVM_ARM_WIN_4_0_Installer_41720_1\Snapdragon-llvm-4.0.17-windows64\armv7m-none-eabi\libc\lib/libc.a(__aeabi_memcpy.o)
		C:\Users\2166772\Downloads\snapdragon_sd_llvm_arm.win.4.0_installer_41720.103-16-22_11_46_50\Snapdragon_SD_LLVM_ARM_WIN_4_0_Installer_41720_1\Snapdragon-llvm-4.0.17-windows64\armv7m-none-eabi\libc\lib/libc.a(vsnprintf.o) (__aeabi_memcpy8)
C:\Users\2166772\Downloads\snapdragon_sd_llvm_arm.win.4.0_installer_41720.103-16-22_11_46_50\Snapdragon_SD_LLVM_ARM_WIN_4_0_Installer_41720_1\Snapdragon-llvm-4.0.17-windows64\armv7m-none-eabi\libc\lib/libc.a(memcpy_le.o)
		src\build\aware_client\app_thread.o (memcpy)
C:\Users\2166772\Downloads\snapdragon_sd_llvm_arm.win.4.0_installer_41720.103-16-22_11_46_50\Snapdragon_SD_LLVM_ARM_WIN_4_0_Installer_41720_1\Snapdragon-llvm-4.0.17-windows64\armv7m-none-eabi\libc\lib/libc.a(memset_nofp_armv7.o)
		src\build\aware_client\app_utils_mem.o (memset)
C:\Users\2166772\Downloads\snapdragon_sd_llvm_arm.win.4.0_installer_41720.103-16-22_11_46_50\Snapdragon_SD_LLVM_ARM_WIN_4_0_Installer_41720_1\Snapdragon-llvm-4.0.17-windows64\armv7m-none-eabi\libc\lib/libc.a(memchr.o)
		src\build\aware_client\cJSON.o (memchr)
C:\Users\2166772\Downloads\snapdragon_sd_llvm_arm.win.4.0_installer_41720.103-16-22_11_46_50\Snapdragon_SD_LLVM_ARM_WIN_4_0_Installer_41720_1\Snapdragon-llvm-4.0.17-windows64\armv7m-none-eabi\libc\lib/libc.a(strcasecmp.o)
		src\build\aware_client\app_config.o (strcasecmp)
C:\Users\2166772\Downloads\snapdragon_sd_llvm_arm.win.4.0_installer_41720.103-16-22_11_46_50\Snapdragon_SD_LLVM_ARM_WIN_4_0_Installer_41720_1\Snapdragon-llvm-4.0.17-windows64\armv7m-none-eabi\libc\lib/libc.a(strchr.o)
		src\build\aware_client\aware_health_check.o (strchr)
C:\Users\2166772\Downloads\snapdragon_sd_llvm_arm.win.4.0_installer_41720.103-16-22_11_46_50\Snapdragon_SD_LLVM_ARM_WIN_4_0_Installer_41720_1\Snapdragon-llvm-4.0.17-windows64\armv7m-none-eabi\libc\lib/libc.a(strchrnul.o)
		C:\Users\2166772\Downloads\snapdragon_sd_llvm_arm.win.4.0_installer_41720.103-16-22_11_46_50\Snapdragon_SD_LLVM_ARM_WIN_4_0_Installer_41720_1\Snapdragon-llvm-4.0.17-windows64\armv7m-none-eabi\libc\lib/libc.a(strchr.o) (__strchrnul)
C:\Users\2166772\Downloads\snapdragon_sd_llvm_arm.win.4.0_installer_41720.103-16-22_11_46_50\Snapdragon_SD_LLVM_ARM_WIN_4_0_Installer_41720_1\Snapdragon-llvm-4.0.17-windows64\armv7m-none-eabi\libc\lib/libc.a(strlcpy.o)
		src\build\aware_client\aware_device_info.o (strlcpy)
C:\Users\2166772\Downloads\snapdragon_sd_llvm_arm.win.4.0_installer_41720.103-16-22_11_46_50\Snapdragon_SD_LLVM_ARM_WIN_4_0_Installer_41720_1\Snapdragon-llvm-4.0.17-windows64\armv7m-none-eabi\libc\lib/libc.a(strlen.o)
		src\build\aware_client\app_utils_str.o (strlen)
C:\Users\2166772\Downloads\snapdragon_sd_llvm_arm.win.4.0_installer_41720.103-16-22_11_46_50\Snapdragon_SD_LLVM_ARM_WIN_4_0_Installer_41720_1\Snapdragon-llvm-4.0.17-windows64\armv7m-none-eabi\libc\lib/libc.a(strncmp.o)
		src\build\aware_client\cJSON.o (strncmp)
C:\Users\2166772\Downloads\snapdragon_sd_llvm_arm.win.4.0_installer_41720.103-16-22_11_46_50\Snapdragon_SD_LLVM_ARM_WIN_4_0_Installer_41720_1\Snapdragon-llvm-4.0.17-windows64\armv7m-none-eabi\libc\lib/libc.a(strspn.o)
		src\build\aware_client\aware_utils.o (strspn)
C:\Users\2166772\Downloads\snapdragon_sd_llvm_arm.win.4.0_installer_41720.103-16-22_11_46_50\Snapdragon_SD_LLVM_ARM_WIN_4_0_Installer_41720_1\Snapdragon-llvm-4.0.17-windows64\armv7m-none-eabi\libc\lib/libc.a(strstr.o)
		src\build\aware_client\aware_main_thread.o (strstr)
C:\Users\2166772\Downloads\snapdragon_sd_llvm_arm.win.4.0_installer_41720.103-16-22_11_46_50\Snapdragon_SD_LLVM_ARM_WIN_4_0_Installer_41720_1\Snapdragon-llvm-4.0.17-windows64\armv7m-none-eabi\libc\lib/libc.a(__wait.o)
		C:\Users\2166772\Downloads\snapdragon_sd_llvm_arm.win.4.0_installer_41720.103-16-22_11_46_50\Snapdragon_SD_LLVM_ARM_WIN_4_0_Installer_41720_1\Snapdragon-llvm-4.0.17-windows64\armv7m-none-eabi\libc\lib/libc.a(malloc.o) (__wait)
C:\Users\2166772\Downloads\snapdragon_sd_llvm_arm.win.4.0_installer_41720.103-16-22_11_46_50\Snapdragon_SD_LLVM_ARM_WIN_4_0_Installer_41720_1\Snapdragon-llvm-4.0.17-windows64\armv7m-none-eabi\libc\lib/libc.a(tolower.o)
		C:\Users\2166772\Downloads\snapdragon_sd_llvm_arm.win.4.0_installer_41720.103-16-22_11_46_50\Snapdragon_SD_LLVM_ARM_WIN_4_0_Installer_41720_1\Snapdragon-llvm-4.0.17-windows64\armv7m-none-eabi\libc\lib/libc.a(strcasecmp.o) (tolower)
C:\Users\2166772\Downloads\snapdragon_sd_llvm_arm.win.4.0_installer_41720.103-16-22_11_46_50\Snapdragon_SD_LLVM_ARM_WIN_4_0_Installer_41720_1\Snapdragon-llvm-4.0.17-windows64\armv7m-none-eabi\libc\lib/libc.a(__errno_location.o)
		C:\Users\2166772\Downloads\snapdragon_sd_llvm_arm.win.4.0_installer_41720.103-16-22_11_46_50\Snapdragon_SD_LLVM_ARM_WIN_4_0_Installer_41720_1\Snapdragon-llvm-4.0.17-windows64\armv7m-none-eabi\libc\lib/libc.a(malloc.o) (__errno_location)
C:\Users\2166772\Downloads\snapdragon_sd_llvm_arm.win.4.0_installer_41720.103-16-22_11_46_50\Snapdragon_SD_LLVM_ARM_WIN_4_0_Installer_41720_1\Snapdragon-llvm-4.0.17-windows64\armv7m-none-eabi\libc\lib/libc.a(strerror.o)
		C:\Users\2166772\Downloads\snapdragon_sd_llvm_arm.win.4.0_installer_41720.103-16-22_11_46_50\Snapdragon_SD_LLVM_ARM_WIN_4_0_Installer_41720_1\Snapdragon-llvm-4.0.17-windows64\armv7m-none-eabi\libc\lib/libc.a(vfprintf.o) (strerror)
C:\Users\2166772\Downloads\snapdragon_sd_llvm_arm.win.4.0_installer_41720.103-16-22_11_46_50\Snapdragon_SD_LLVM_ARM_WIN_4_0_Installer_41720_1\Snapdragon-llvm-4.0.17-windows64\armv7m-none-eabi\libc\lib/libc.a(floatscan.o)
		C:\Users\2166772\Downloads\snapdragon_sd_llvm_arm.win.4.0_installer_41720.103-16-22_11_46_50\Snapdragon_SD_LLVM_ARM_WIN_4_0_Installer_41720_1\Snapdragon-llvm-4.0.17-windows64\armv7m-none-eabi\libc\lib/libc.a(strtod.o) (__floatscan)
C:\Users\2166772\Downloads\snapdragon_sd_llvm_arm.win.4.0_installer_41720.103-16-22_11_46_50\Snapdragon_SD_LLVM_ARM_WIN_4_0_Installer_41720_1\Snapdragon-llvm-4.0.17-windows64\armv7m-none-eabi\libc\lib/libc.a(intscan.o)
		C:\Users\2166772\Downloads\snapdragon_sd_llvm_arm.win.4.0_installer_41720.103-16-22_11_46_50\Snapdragon_SD_LLVM_ARM_WIN_4_0_Installer_41720_1\Snapdragon-llvm-4.0.17-windows64\armv7m-none-eabi\libc\lib/libc.a(strtol.o) (__intscan)
C:\Users\2166772\Downloads\snapdragon_sd_llvm_arm.win.4.0_installer_41720.103-16-22_11_46_50\Snapdragon_SD_LLVM_ARM_WIN_4_0_Installer_41720_1\Snapdragon-llvm-4.0.17-windows64\armv7m-none-eabi\libc\lib/libc.a(libc.o)
		C:\Users\2166772\Downloads\snapdragon_sd_llvm_arm.win.4.0_installer_41720.103-16-22_11_46_50\Snapdragon_SD_LLVM_ARM_WIN_4_0_Installer_41720_1\Snapdragon-llvm-4.0.17-windows64\armv7m-none-eabi\libc\lib/libc.a(malloc.o) (__libc)
C:\Users\2166772\Downloads\snapdragon_sd_llvm_arm.win.4.0_installer_41720.103-16-22_11_46_50\Snapdragon_SD_LLVM_ARM_WIN_4_0_Installer_41720_1\Snapdragon-llvm-4.0.17-windows64\armv7m-none-eabi\libc\lib/libc.a(shgetc.o)
		C:\Users\2166772\Downloads\snapdragon_sd_llvm_arm.win.4.0_installer_41720.103-16-22_11_46_50\Snapdragon_SD_LLVM_ARM_WIN_4_0_Installer_41720_1\Snapdragon-llvm-4.0.17-windows64\armv7m-none-eabi\libc\lib/libc.a(strtod.o) (__shlim)
C:\Users\2166772\Downloads\snapdragon_sd_llvm_arm.win.4.0_installer_41720.103-16-22_11_46_50\Snapdragon_SD_LLVM_ARM_WIN_4_0_Installer_41720_1\Snapdragon-llvm-4.0.17-windows64\armv7m-none-eabi\libc\lib/libc.a(syscall_ret.o)
		C:\Users\2166772\Downloads\snapdragon_sd_llvm_arm.win.4.0_installer_41720.103-16-22_11_46_50\Snapdragon_SD_LLVM_ARM_WIN_4_0_Installer_41720_1\Snapdragon-llvm-4.0.17-windows64\armv7m-none-eabi\libc\lib/libc.a(madvise.o) (__syscall_ret)
C:\Users\2166772\Downloads\snapdragon_sd_llvm_arm.win.4.0_installer_41720.103-16-22_11_46_50\Snapdragon_SD_LLVM_ARM_WIN_4_0_Installer_41720_1\Snapdragon-llvm-4.0.17-windows64\armv7m-none-eabi\libc\lib/libc.a(__lctrans.o)
		C:\Users\2166772\Downloads\snapdragon_sd_llvm_arm.win.4.0_installer_41720.103-16-22_11_46_50\Snapdragon_SD_LLVM_ARM_WIN_4_0_Installer_41720_1\Snapdragon-llvm-4.0.17-windows64\armv7m-none-eabi\libc\lib/libc.a(strerror.o) (__lctrans)
C:\Users\2166772\Downloads\snapdragon_sd_llvm_arm.win.4.0_installer_41720.103-16-22_11_46_50\Snapdragon_SD_LLVM_ARM_WIN_4_0_Installer_41720_1\Snapdragon-llvm-4.0.17-windows64\armv7m-none-eabi\libc\lib/libc.a(expand_heap.o)
		C:\Users\2166772\Downloads\snapdragon_sd_llvm_arm.win.4.0_installer_41720.103-16-22_11_46_50\Snapdragon_SD_LLVM_ARM_WIN_4_0_Installer_41720_1\Snapdragon-llvm-4.0.17-windows64\armv7m-none-eabi\libc\lib/libc.a(malloc.o) (__expand_heap)
C:\Users\2166772\Downloads\snapdragon_sd_llvm_arm.win.4.0_installer_41720.103-16-22_11_46_50\Snapdragon_SD_LLVM_ARM_WIN_4_0_Installer_41720_1\Snapdragon-llvm-4.0.17-windows64\armv7m-none-eabi\libc\lib/libc.a(fabs.o)
		C:\Users\2166772\Downloads\snapdragon_sd_llvm_arm.win.4.0_installer_41720.103-16-22_11_46_50\Snapdragon_SD_LLVM_ARM_WIN_4_0_Installer_41720_1\Snapdragon-llvm-4.0.17-windows64\armv7m-none-eabi\libc\lib/libc.a(pow.o) (fabs)
C:\Users\2166772\Downloads\snapdragon_sd_llvm_arm.win.4.0_installer_41720.103-16-22_11_46_50\Snapdragon_SD_LLVM_ARM_WIN_4_0_Installer_41720_1\Snapdragon-llvm-4.0.17-windows64\armv7m-none-eabi\libc\lib/libc.a(sqrt.o)
		C:\Users\2166772\Downloads\snapdragon_sd_llvm_arm.win.4.0_installer_41720.103-16-22_11_46_50\Snapdragon_SD_LLVM_ARM_WIN_4_0_Installer_41720_1\Snapdragon-llvm-4.0.17-windows64\armv7m-none-eabi\libc\lib/libc.a(pow.o) (sqrt)
C:\Users\2166772\Downloads\snapdragon_sd_llvm_arm.win.4.0_installer_41720.103-16-22_11_46_50\Snapdragon_SD_LLVM_ARM_WIN_4_0_Installer_41720_1\Snapdragon-llvm-4.0.17-windows64\armv7m-none-eabi\libc\lib/libc.a(copysignl.o)
		C:\Users\2166772\Downloads\snapdragon_sd_llvm_arm.win.4.0_installer_41720.103-16-22_11_46_50\Snapdragon_SD_LLVM_ARM_WIN_4_0_Installer_41720_1\Snapdragon-llvm-4.0.17-windows64\armv7m-none-eabi\libc\lib/libc.a(floatscan.o) (copysignl)
C:\Users\2166772\Downloads\snapdragon_sd_llvm_arm.win.4.0_installer_41720.103-16-22_11_46_50\Snapdragon_SD_LLVM_ARM_WIN_4_0_Installer_41720_1\Snapdragon-llvm-4.0.17-windows64\armv7m-none-eabi\libc\lib/libc.a(fmodl.o)
		C:\Users\2166772\Downloads\snapdragon_sd_llvm_arm.win.4.0_installer_41720.103-16-22_11_46_50\Snapdragon_SD_LLVM_ARM_WIN_4_0_Installer_41720_1\Snapdragon-llvm-4.0.17-windows64\armv7m-none-eabi\libc\lib/libc.a(floatscan.o) (fmodl)
C:\Users\2166772\Downloads\snapdragon_sd_llvm_arm.win.4.0_installer_41720.103-16-22_11_46_50\Snapdragon_SD_LLVM_ARM_WIN_4_0_Installer_41720_1\Snapdragon-llvm-4.0.17-windows64\armv7m-none-eabi\libc\lib/libc.a(scalbnl.o)
		C:\Users\2166772\Downloads\snapdragon_sd_llvm_arm.win.4.0_installer_41720.103-16-22_11_46_50\Snapdragon_SD_LLVM_ARM_WIN_4_0_Installer_41720_1\Snapdragon-llvm-4.0.17-windows64\armv7m-none-eabi\libc\lib/libc.a(floatscan.o) (scalbnl)
C:\Users\2166772\Downloads\snapdragon_sd_llvm_arm.win.4.0_installer_41720.103-16-22_11_46_50\Snapdragon_SD_LLVM_ARM_WIN_4_0_Installer_41720_1\Snapdragon-llvm-4.0.17-windows64\armv7m-none-eabi\libc\lib/libc.a(wctomb.o)
		C:\Users\2166772\Downloads\snapdragon_sd_llvm_arm.win.4.0_installer_41720.103-16-22_11_46_50\Snapdragon_SD_LLVM_ARM_WIN_4_0_Installer_41720_1\Snapdragon-llvm-4.0.17-windows64\armv7m-none-eabi\libc\lib/libc.a(vfprintf.o) (wctomb)
C:\Users\2166772\Downloads\snapdragon_sd_llvm_arm.win.4.0_installer_41720.103-16-22_11_46_50\Snapdragon_SD_LLVM_ARM_WIN_4_0_Installer_41720_1\Snapdragon-llvm-4.0.17-windows64\armv7m-none-eabi\libc\lib/libc.a(__towrite.o)
		C:\Users\2166772\Downloads\snapdragon_sd_llvm_arm.win.4.0_installer_41720.103-16-22_11_46_50\Snapdragon_SD_LLVM_ARM_WIN_4_0_Installer_41720_1\Snapdragon-llvm-4.0.17-windows64\armv7m-none-eabi\libc\lib/libc.a(fwrite.o) (__towrite)
C:\Users\2166772\Downloads\snapdragon_sd_llvm_arm.win.4.0_installer_41720.103-16-22_11_46_50\Snapdragon_SD_LLVM_ARM_WIN_4_0_Installer_41720_1\Snapdragon-llvm-4.0.17-windows64\armv7m-none-eabi\libc\lib/libc.a(__uflow.o)
		C:\Users\2166772\Downloads\snapdragon_sd_llvm_arm.win.4.0_installer_41720.103-16-22_11_46_50\Snapdragon_SD_LLVM_ARM_WIN_4_0_Installer_41720_1\Snapdragon-llvm-4.0.17-windows64\armv7m-none-eabi\libc\lib/libc.a(shgetc.o) (__uflow)
C:\Users\2166772\Downloads\snapdragon_sd_llvm_arm.win.4.0_installer_41720.103-16-22_11_46_50\Snapdragon_SD_LLVM_ARM_WIN_4_0_Installer_41720_1\Snapdragon-llvm-4.0.17-windows64\armv7m-none-eabi\libc\lib/libc.a(__lockfile.o)
		C:\Users\2166772\Downloads\snapdragon_sd_llvm_arm.win.4.0_installer_41720.103-16-22_11_46_50\Snapdragon_SD_LLVM_ARM_WIN_4_0_Installer_41720_1\Snapdragon-llvm-4.0.17-windows64\armv7m-none-eabi\libc\lib/libc.a(vfprintf.o) (__lockfile)
C:\Users\2166772\Downloads\snapdragon_sd_llvm_arm.win.4.0_installer_41720.103-16-22_11_46_50\Snapdragon_SD_LLVM_ARM_WIN_4_0_Installer_41720_1\Snapdragon-llvm-4.0.17-windows64\armv7m-none-eabi\libc\lib/libc.a(memcmp.o)
		C:\Users\2166772\Downloads\snapdragon_sd_llvm_arm.win.4.0_installer_41720.103-16-22_11_46_50\Snapdragon_SD_LLVM_ARM_WIN_4_0_Installer_41720_1\Snapdragon-llvm-4.0.17-windows64\armv7m-none-eabi\libc\lib/libc.a(strstr.o) (memcmp)
C:\Users\2166772\Downloads\snapdragon_sd_llvm_arm.win.4.0_installer_41720.103-16-22_11_46_50\Snapdragon_SD_LLVM_ARM_WIN_4_0_Installer_41720_1\Snapdragon-llvm-4.0.17-windows64\armv7m-none-eabi\libc\lib/libc.a(__brk.o)
		C:\Users\2166772\Downloads\snapdragon_sd_llvm_arm.win.4.0_installer_41720.103-16-22_11_46_50\Snapdragon_SD_LLVM_ARM_WIN_4_0_Installer_41720_1\Snapdragon-llvm-4.0.17-windows64\armv7m-none-eabi\libc\lib/libc.a(expand_heap.o) (__brk)
C:\Users\2166772\Downloads\snapdragon_sd_llvm_arm.win.4.0_installer_41720.103-16-22_11_46_50\Snapdragon_SD_LLVM_ARM_WIN_4_0_Installer_41720_1\Snapdragon-llvm-4.0.17-windows64\armv7m-none-eabi\libc\lib/libc.a(copysign.o)
		C:\Users\2166772\Downloads\snapdragon_sd_llvm_arm.win.4.0_installer_41720.103-16-22_11_46_50\Snapdragon_SD_LLVM_ARM_WIN_4_0_Installer_41720_1\Snapdragon-llvm-4.0.17-windows64\armv7m-none-eabi\libc\lib/libc.a(copysignl.o) (copysign)
C:\Users\2166772\Downloads\snapdragon_sd_llvm_arm.win.4.0_installer_41720.103-16-22_11_46_50\Snapdragon_SD_LLVM_ARM_WIN_4_0_Installer_41720_1\Snapdragon-llvm-4.0.17-windows64\armv7m-none-eabi\libc\lib/libc.a(fmod.o)
		C:\Users\2166772\Downloads\snapdragon_sd_llvm_arm.win.4.0_installer_41720.103-16-22_11_46_50\Snapdragon_SD_LLVM_ARM_WIN_4_0_Installer_41720_1\Snapdragon-llvm-4.0.17-windows64\armv7m-none-eabi\libc\lib/libc.a(fmodl.o) (fmod)
C:\Users\2166772\Downloads\snapdragon_sd_llvm_arm.win.4.0_installer_41720.103-16-22_11_46_50\Snapdragon_SD_LLVM_ARM_WIN_4_0_Installer_41720_1\Snapdragon-llvm-4.0.17-windows64\armv7m-none-eabi\libc\lib/libc.a(wcrtomb.o)
		C:\Users\2166772\Downloads\snapdragon_sd_llvm_arm.win.4.0_installer_41720.103-16-22_11_46_50\Snapdragon_SD_LLVM_ARM_WIN_4_0_Installer_41720_1\Snapdragon-llvm-4.0.17-windows64\armv7m-none-eabi\libc\lib/libc.a(wctomb.o) (wcrtomb)
C:\Users\2166772\Downloads\snapdragon_sd_llvm_arm.win.4.0_installer_41720.103-16-22_11_46_50\Snapdragon_SD_LLVM_ARM_WIN_4_0_Installer_41720_1\Snapdragon-llvm-4.0.17-windows64\armv7m-none-eabi\libc\lib/libc.a(__stdio_exit.o)
		C:\Users\2166772\Downloads\snapdragon_sd_llvm_arm.win.4.0_installer_41720.103-16-22_11_46_50\Snapdragon_SD_LLVM_ARM_WIN_4_0_Installer_41720_1\Snapdragon-llvm-4.0.17-windows64\armv7m-none-eabi\libc\lib/libc.a(__towrite.o) (__stdio_exit_needed)
C:\Users\2166772\Downloads\snapdragon_sd_llvm_arm.win.4.0_installer_41720.103-16-22_11_46_50\Snapdragon_SD_LLVM_ARM_WIN_4_0_Installer_41720_1\Snapdragon-llvm-4.0.17-windows64\armv7m-none-eabi\libc\lib/libc.a(__toread.o)
		C:\Users\2166772\Downloads\snapdragon_sd_llvm_arm.win.4.0_installer_41720.103-16-22_11_46_50\Snapdragon_SD_LLVM_ARM_WIN_4_0_Installer_41720_1\Snapdragon-llvm-4.0.17-windows64\armv7m-none-eabi\libc\lib/libc.a(__uflow.o) (__toread)
C:\Users\2166772\Downloads\snapdragon_sd_llvm_arm.win.4.0_installer_41720.103-16-22_11_46_50\Snapdragon_SD_LLVM_ARM_WIN_4_0_Installer_41720_1\Snapdragon-llvm-4.0.17-windows64\armv7m-none-eabi\libc\lib/libc.a(ofl.o)
		C:\Users\2166772\Downloads\snapdragon_sd_llvm_arm.win.4.0_installer_41720.103-16-22_11_46_50\Snapdragon_SD_LLVM_ARM_WIN_4_0_Installer_41720_1\Snapdragon-llvm-4.0.17-windows64\armv7m-none-eabi\libc\lib/libc.a(__stdio_exit.o) (__ofl_lock)
C:\Users\2166772\Downloads\snapdragon_sd_llvm_arm.win.4.0_installer_41720.103-16-22_11_46_50\Snapdragon_SD_LLVM_ARM_WIN_4_0_Installer_41720_1\Snapdragon-llvm-4.0.17-windows64\lib\clang\4.0.17\lib\baremetal/libclang_rt.builtins-armv7m.a(aeabi_dcmp.S.obj)
		C:\Users\2166772\Downloads\snapdragon_sd_llvm_arm.win.4.0_installer_41720.103-16-22_11_46_50\Snapdragon_SD_LLVM_ARM_WIN_4_0_Installer_41720_1\Snapdragon-llvm-4.0.17-windows64\armv7m-none-eabi\libc\lib/libc.a(floor.o) (__aeabi_dcmpeq)
C:\Users\2166772\Downloads\snapdragon_sd_llvm_arm.win.4.0_installer_41720.103-16-22_11_46_50\Snapdragon_SD_LLVM_ARM_WIN_4_0_Installer_41720_1\Snapdragon-llvm-4.0.17-windows64\lib\clang\4.0.17\lib\baremetal/libclang_rt.builtins-armv7m.a(aeabi_fcmp.S.obj)
		src\build\aware_client\gnss_worker_sm.o (__aeabi_fcmpgt)
C:\Users\2166772\Downloads\snapdragon_sd_llvm_arm.win.4.0_installer_41720.103-16-22_11_46_50\Snapdragon_SD_LLVM_ARM_WIN_4_0_Installer_41720_1\Snapdragon-llvm-4.0.17-windows64\lib\clang\4.0.17\lib\baremetal/libclang_rt.builtins-armv7m.a(aeabi_ldivmod.S.obj)
		src\build\aware_client\aware_utils.o (__aeabi_ldivmod)
C:\Users\2166772\Downloads\snapdragon_sd_llvm_arm.win.4.0_installer_41720.103-16-22_11_46_50\Snapdragon_SD_LLVM_ARM_WIN_4_0_Installer_41720_1\Snapdragon-llvm-4.0.17-windows64\lib\clang\4.0.17\lib\baremetal/libclang_rt.builtins-armv7m.a(aeabi_uldivmod.S.obj)
		src\build\aware_client\app_utils_log.o (__aeabi_uldivmod)
C:\Users\2166772\Downloads\snapdragon_sd_llvm_arm.win.4.0_installer_41720.103-16-22_11_46_50\Snapdragon_SD_LLVM_ARM_WIN_4_0_Installer_41720_1\Snapdragon-llvm-4.0.17-windows64\lib\clang\4.0.17\lib\baremetal/libclang_rt.builtins-armv7m.a(adddf3.c.obj)
		src\build\aware_client\aware_utils.o (__aeabi_dadd)
C:\Users\2166772\Downloads\snapdragon_sd_llvm_arm.win.4.0_installer_41720.103-16-22_11_46_50\Snapdragon_SD_LLVM_ARM_WIN_4_0_Installer_41720_1\Snapdragon-llvm-4.0.17-windows64\lib\clang\4.0.17\lib\baremetal/libclang_rt.builtins-armv7m.a(addsf3.c.obj)
		src\build\aware_client\app_utils_str.o (__aeabi_fadd)
C:\Users\2166772\Downloads\snapdragon_sd_llvm_arm.win.4.0_installer_41720.103-16-22_11_46_50\Snapdragon_SD_LLVM_ARM_WIN_4_0_Installer_41720_1\Snapdragon-llvm-4.0.17-windows64\lib\clang\4.0.17\lib\baremetal/libclang_rt.builtins-armv7m.a(comparedf2.c.obj)
		C:\Users\2166772\Downloads\snapdragon_sd_llvm_arm.win.4.0_installer_41720.103-16-22_11_46_50\Snapdragon_SD_LLVM_ARM_WIN_4_0_Installer_41720_1\Snapdragon-llvm-4.0.17-windows64\lib\clang\4.0.17\lib\baremetal/libclang_rt.builtins-armv7m.a(aeabi_dcmp.S.obj) (__eqdf2)
C:\Users\2166772\Downloads\snapdragon_sd_llvm_arm.win.4.0_installer_41720.103-16-22_11_46_50\Snapdragon_SD_LLVM_ARM_WIN_4_0_Installer_41720_1\Snapdragon-llvm-4.0.17-windows64\lib\clang\4.0.17\lib\baremetal/libclang_rt.builtins-armv7m.a(comparesf2.c.obj)
		C:\Users\2166772\Downloads\snapdragon_sd_llvm_arm.win.4.0_installer_41720.103-16-22_11_46_50\Snapdragon_SD_LLVM_ARM_WIN_4_0_Installer_41720_1\Snapdragon-llvm-4.0.17-windows64\lib\clang\4.0.17\lib\baremetal/libclang_rt.builtins-armv7m.a(aeabi_fcmp.S.obj) (__eqsf2)
C:\Users\2166772\Downloads\snapdragon_sd_llvm_arm.win.4.0_installer_41720.103-16-22_11_46_50\Snapdragon_SD_LLVM_ARM_WIN_4_0_Installer_41720_1\Snapdragon-llvm-4.0.17-windows64\lib\clang\4.0.17\lib\baremetal/libclang_rt.builtins-armv7m.a(divdf3.c.obj)
		C:\Users\2166772\Downloads\snapdragon_sd_llvm_arm.win.4.0_installer_41720.103-16-22_11_46_50\Snapdragon_SD_LLVM_ARM_WIN_4_0_Installer_41720_1\Snapdragon-llvm-4.0.17-windows64\armv7m-none-eabi\libc\lib/libc.a(pow.o) (__aeabi_ddiv)
C:\Users\2166772\Downloads\snapdragon_sd_llvm_arm.win.4.0_installer_41720.103-16-22_11_46_50\Snapdragon_SD_LLVM_ARM_WIN_4_0_Installer_41720_1\Snapdragon-llvm-4.0.17-windows64\lib\clang\4.0.17\lib\baremetal/libclang_rt.builtins-armv7m.a(divmoddi4.c.obj)
		C:\Users\2166772\Downloads\snapdragon_sd_llvm_arm.win.4.0_installer_41720.103-16-22_11_46_50\Snapdragon_SD_LLVM_ARM_WIN_4_0_Installer_41720_1\Snapdragon-llvm-4.0.17-windows64\lib\clang\4.0.17\lib\baremetal/libclang_rt.builtins-armv7m.a(aeabi_ldivmod.S.obj) (__divmoddi4)
C:\Users\2166772\Downloads\snapdragon_sd_llvm_arm.win.4.0_installer_41720.103-16-22_11_46_50\Snapdragon_SD_LLVM_ARM_WIN_4_0_Installer_41720_1\Snapdragon-llvm-4.0.17-windows64\lib\clang\4.0.17\lib\baremetal/libclang_rt.builtins-armv7m.a(divsf3.c.obj)
		src\build\aware_client\app_utils_str.o (__aeabi_fdiv)
C:\Users\2166772\Downloads\snapdragon_sd_llvm_arm.win.4.0_installer_41720.103-16-22_11_46_50\Snapdragon_SD_LLVM_ARM_WIN_4_0_Installer_41720_1\Snapdragon-llvm-4.0.17-windows64\lib\clang\4.0.17\lib\baremetal/libclang_rt.builtins-armv7m.a(extendsfdf2.c.obj)
		src\build\aware_client\aware_main_thread.o (__aeabi_f2d)
C:\Users\2166772\Downloads\snapdragon_sd_llvm_arm.win.4.0_installer_41720.103-16-22_11_46_50\Snapdragon_SD_LLVM_ARM_WIN_4_0_Installer_41720_1\Snapdragon-llvm-4.0.17-windows64\lib\clang\4.0.17\lib\baremetal/libclang_rt.builtins-armv7m.a(fixdfdi.c.obj)
		src\build\aware_client\aware_utils.o (__aeabi_d2lz)
C:\Users\2166772\Downloads\snapdragon_sd_llvm_arm.win.4.0_installer_41720.103-16-22_11_46_50\Snapdragon_SD_LLVM_ARM_WIN_4_0_Installer_41720_1\Snapdragon-llvm-4.0.17-windows64\lib\clang\4.0.17\lib\baremetal/libclang_rt.builtins-armv7m.a(fixdfsi.c.obj)
		src\build\aware_client\app_utils_log.o (__aeabi_d2iz)
C:\Users\2166772\Downloads\snapdragon_sd_llvm_arm.win.4.0_installer_41720.103-16-22_11_46_50\Snapdragon_SD_LLVM_ARM_WIN_4_0_Installer_41720_1\Snapdragon-llvm-4.0.17-windows64\lib\clang\4.0.17\lib\baremetal/libclang_rt.builtins-armv7m.a(fixsfsi.c.obj)
		src\build\aware_client\app_utils_log.o (__aeabi_f2iz)
C:\Users\2166772\Downloads\snapdragon_sd_llvm_arm.win.4.0_installer_41720.103-16-22_11_46_50\Snapdragon_SD_LLVM_ARM_WIN_4_0_Installer_41720_1\Snapdragon-llvm-4.0.17-windows64\lib\clang\4.0.17\lib\baremetal/libclang_rt.builtins-armv7m.a(fixunsdfdi.c.obj)
		C:\Users\2166772\Downloads\snapdragon_sd_llvm_arm.win.4.0_installer_41720.103-16-22_11_46_50\Snapdragon_SD_LLVM_ARM_WIN_4_0_Installer_41720_1\Snapdragon-llvm-4.0.17-windows64\lib\clang\4.0.17\lib\baremetal/libclang_rt.builtins-armv7m.a(fixdfdi.c.obj) (__fixunsdfdi)
C:\Users\2166772\Downloads\snapdragon_sd_llvm_arm.win.4.0_installer_41720.103-16-22_11_46_50\Snapdragon_SD_LLVM_ARM_WIN_4_0_Installer_41720_1\Snapdragon-llvm-4.0.17-windows64\lib\clang\4.0.17\lib\baremetal/libclang_rt.builtins-armv7m.a(fixunsdfsi.c.obj)
		C:\Users\2166772\Downloads\snapdragon_sd_llvm_arm.win.4.0_installer_41720.103-16-22_11_46_50\Snapdragon_SD_LLVM_ARM_WIN_4_0_Installer_41720_1\Snapdragon-llvm-4.0.17-windows64\lib\clang\4.0.17\lib\baremetal/libclang_rt.builtins-armv7m.a(fixunsdfdi.c.obj) (__aeabi_d2uiz)
C:\Users\2166772\Downloads\snapdragon_sd_llvm_arm.win.4.0_installer_41720.103-16-22_11_46_50\Snapdragon_SD_LLVM_ARM_WIN_4_0_Installer_41720_1\Snapdragon-llvm-4.0.17-windows64\lib\clang\4.0.17\lib\baremetal/libclang_rt.builtins-armv7m.a(floatdidf.c.obj)
		src\build\aware_client\aware_utils.o (__aeabi_l2d)
C:\Users\2166772\Downloads\snapdragon_sd_llvm_arm.win.4.0_installer_41720.103-16-22_11_46_50\Snapdragon_SD_LLVM_ARM_WIN_4_0_Installer_41720_1\Snapdragon-llvm-4.0.17-windows64\lib\clang\4.0.17\lib\baremetal/libclang_rt.builtins-armv7m.a(floatsidf.c.obj)
		src\build\aware_client\cJSON.o (__aeabi_i2d)
C:\Users\2166772\Downloads\snapdragon_sd_llvm_arm.win.4.0_installer_41720.103-16-22_11_46_50\Snapdragon_SD_LLVM_ARM_WIN_4_0_Installer_41720_1\Snapdragon-llvm-4.0.17-windows64\lib\clang\4.0.17\lib\baremetal/libclang_rt.builtins-armv7m.a(floatsisf.c.obj)
		src\build\aware_client\app_utils_str.o (__aeabi_i2f)
C:\Users\2166772\Downloads\snapdragon_sd_llvm_arm.win.4.0_installer_41720.103-16-22_11_46_50\Snapdragon_SD_LLVM_ARM_WIN_4_0_Installer_41720_1\Snapdragon-llvm-4.0.17-windows64\lib\clang\4.0.17\lib\baremetal/libclang_rt.builtins-armv7m.a(floatunsidf.c.obj)
		C:\Users\2166772\Downloads\snapdragon_sd_llvm_arm.win.4.0_installer_41720.103-16-22_11_46_50\Snapdragon_SD_LLVM_ARM_WIN_4_0_Installer_41720_1\Snapdragon-llvm-4.0.17-windows64\armv7m-none-eabi\libc\lib/libc.a(floatscan.o) (__aeabi_ui2d)
C:\Users\2166772\Downloads\snapdragon_sd_llvm_arm.win.4.0_installer_41720.103-16-22_11_46_50\Snapdragon_SD_LLVM_ARM_WIN_4_0_Installer_41720_1\Snapdragon-llvm-4.0.17-windows64\lib\clang\4.0.17\lib\baremetal/libclang_rt.builtins-armv7m.a(muldf3.c.obj)
		src\build\aware_client\app_utils_log.o (__aeabi_dmul)
C:\Users\2166772\Downloads\snapdragon_sd_llvm_arm.win.4.0_installer_41720.103-16-22_11_46_50\Snapdragon_SD_LLVM_ARM_WIN_4_0_Installer_41720_1\Snapdragon-llvm-4.0.17-windows64\lib\clang\4.0.17\lib\baremetal/libclang_rt.builtins-armv7m.a(mulsf3.c.obj)
		src\build\aware_client\app_utils_log.o (__aeabi_fmul)
C:\Users\2166772\Downloads\snapdragon_sd_llvm_arm.win.4.0_installer_41720.103-16-22_11_46_50\Snapdragon_SD_LLVM_ARM_WIN_4_0_Installer_41720_1\Snapdragon-llvm-4.0.17-windows64\lib\clang\4.0.17\lib\baremetal/libclang_rt.builtins-armv7m.a(subdf3.c.obj)
		src\build\aware_client\aware_utils.o (__aeabi_dsub)
C:\Users\2166772\Downloads\snapdragon_sd_llvm_arm.win.4.0_installer_41720.103-16-22_11_46_50\Snapdragon_SD_LLVM_ARM_WIN_4_0_Installer_41720_1\Snapdragon-llvm-4.0.17-windows64\lib\clang\4.0.17\lib\baremetal/libclang_rt.builtins-armv7m.a(truncdfsf2.c.obj)
		src\build\aware_client\config_parser.o (__aeabi_d2f)
C:\Users\2166772\Downloads\snapdragon_sd_llvm_arm.win.4.0_installer_41720.103-16-22_11_46_50\Snapdragon_SD_LLVM_ARM_WIN_4_0_Installer_41720_1\Snapdragon-llvm-4.0.17-windows64\lib\clang\4.0.17\lib\baremetal/libclang_rt.builtins-armv7m.a(udivmoddi4.c.obj)
		C:\Users\2166772\Downloads\snapdragon_sd_llvm_arm.win.4.0_installer_41720.103-16-22_11_46_50\Snapdragon_SD_LLVM_ARM_WIN_4_0_Installer_41720_1\Snapdragon-llvm-4.0.17-windows64\lib\clang\4.0.17\lib\baremetal/libclang_rt.builtins-armv7m.a(aeabi_uldivmod.S.obj) (__udivmoddi4)
C:\Users\2166772\Downloads\snapdragon_sd_llvm_arm.win.4.0_installer_41720.103-16-22_11_46_50\Snapdragon_SD_LLVM_ARM_WIN_4_0_Installer_41720_1\Snapdragon-llvm-4.0.17-windows64\lib\clang\4.0.17\lib\baremetal/libclang_rt.builtins-armv7m.a(divdi3.c.obj)
		C:\Users\2166772\Downloads\snapdragon_sd_llvm_arm.win.4.0_installer_41720.103-16-22_11_46_50\Snapdragon_SD_LLVM_ARM_WIN_4_0_Installer_41720_1\Snapdragon-llvm-4.0.17-windows64\lib\clang\4.0.17\lib\baremetal/libclang_rt.builtins-armv7m.a(divmoddi4.c.obj) (__divdi3)

Allocating common symbols
Common symbol	size	file

app_ctx	0x1f8	src\build\aware_client\aware_app.o
location	0x50	src\build\aware_client\aware_main_thread.o
coap_local_ip	0x10	src\build\aware_client\data_mgr.o
coap_signal_handle	0x4	src\build\aware_client\data_mgr_coap.o
coap_url_info	0xd0	src\build\aware_client\data_mgr_coap.o
data_mgr_dss_signal_handle	0x4	src\build\aware_client\data_mgr_thread.o
http_release_handle	0x4	src\build\aware_client\fota_dam_download.o
sensor_handle	0x4	src\build\aware_client\sensor_mgr.o
sensor_mgr_signal	0x4	src\build\aware_client\sensor_mgr_thread.o
timer_client_stack	0x1000	common\libs\timer_dam_lib.lib(qapi_timer_user.o)
timer_client_module_thread	0x4	common\libs\timer_dam_lib.lib(qapi_timer_user.o)
timer_thread_state	0x4	common\libs\timer_dam_lib.lib(qapi_timer_user.o)
timer_user_handle	0x4	common\libs\timer_dam_lib.lib(qapi_timer_user.o)
_txm_module_entry_info	0x4	common\libs\txm_lib.lib(txm_module_thread_shell_entry.o)
_txm_module_kernel_call_dispatcher	0x4	common\libs\txm_lib.lib(txm_module_thread_shell_entry.o)
__libc	0x40	C:\Users\2166772\Downloads\snapdragon_sd_llvm_arm.win.4.0_installer_41720.103-16-22_11_46_50\Snapdragon_SD_LLVM_ARM_WIN_4_0_Installer_41720_1\Snapdragon-llvm-4.0.17-windows64\armv7m-none-eabi\libc\lib/libc.a(libc.o)

Linker Script and memory map
LOAD src\build\aware_client\txm_module_preamble_llvm.o[]
LOAD src\build\aware_client\app_config.o[]
LOAD src\build\aware_client\app_msg_q.o[]
LOAD src\build\aware_client\app_thread.o[]
LOAD src\build\aware_client\app_utils_list.o[]
LOAD src\build\aware_client\app_utils_log.o[]
LOAD src\build\aware_client\app_utils_mem.o[]
LOAD src\build\aware_client\app_utils_str.o[]
LOAD src\build\aware_client\app_utils_time.o[]
LOAD src\build\aware_client\aware_app.o[]
LOAD src\build\aware_client\aware_app_state.o[]
LOAD src\build\aware_client\aware_device_info.o[]
LOAD src\build\aware_client\aware_health_check.o[]
LOAD src\build\aware_client\aware_log.o[]
LOAD src\build\aware_client\aware_main_thread.o[]
LOAD src\build\aware_client\aware_psm.o[]
LOAD src\build\aware_client\aware_utils.o[]
LOAD src\build\aware_client\cfg_mgr_util.o[]
LOAD src\build\aware_client\cJSON.o[]
LOAD src\build\aware_client\config_parser.o[]
LOAD src\build\aware_client\data_mgr.o[]
LOAD src\build\aware_client\data_mgr_coap.o[]
LOAD src\build\aware_client\data_mgr_device_info.o[]
LOAD src\build\aware_client\data_mgr_dss.o[]
LOAD src\build\aware_client\data_mgr_queue.o[]
LOAD src\build\aware_client\data_mgr_thread.o[]
LOAD src\build\aware_client\data_mgr_utils.o[]
LOAD src\build\aware_client\device_common_config.o[]
LOAD src\build\aware_client\device_general_config.o[]
LOAD src\build\aware_client\device_unique_config.o[]
LOAD src\build\aware_client\dictionary.o[]
LOAD src\build\aware_client\fota_client.o[]
LOAD src\build\aware_client\fota_dam_download.o[]
LOAD src\build\aware_client\fota_dam_swapping.o[]
LOAD src\build\aware_client\fota_thread.o[]
LOAD src\build\aware_client\gnss_worker_sm.o[]
LOAD src\build\aware_client\gnss_worker_thread.o[]
LOAD src\build\aware_client\gnss_worker_utils.o[]
LOAD src\build\aware_client\led_config.o[]
LOAD src\build\aware_client\location.pb.o[]
LOAD src\build\aware_client\pb_common.o[]
LOAD src\build\aware_client\pb_decode.o[]
LOAD src\build\aware_client\pb_encode.o[]
LOAD src\build\aware_client\qapi_loc_callbacks.o[]
LOAD src\build\aware_client\qapi_loc_wrapper.o[]
LOAD src\build\aware_client\runtime_config.o[]
LOAD src\build\aware_client\sensor_config.o[]
LOAD src\build\aware_client\sensor_mgr.o[]
LOAD src\build\aware_client\sensor_mgr_thread.o[]
LOAD src\build\aware_client\sensor_mgr_utils.o[]
LOAD src\build\aware_client\transport_config.o[]
SKIPPED src\build\aware_client\txm_module_preamble_llvm.o (ELF)
LOAD src\build\aware_client\version_config.o[]
LOAD common\libs\qapi_psm_lib.lib(qapi_psm_user.o) []
LOAD common\libs\timer_dam_lib.lib(qapi_timer_user.o) []
LOAD common\libs\txm_lib.lib(txm_module_thread_shell_entry.o) []
LOAD common\libs\txm_lib.lib(txm_module_callback_request_thread_entry.o) []
LOAD common\libs\txm_lib.lib(txm_module_system_call11.o) []
LOAD common\libs\txm_lib.lib(txm_module_system_call12.o) []
LOAD common\libs\txm_lib.lib(txm_byte_pool_create.o) []
LOAD common\libs\txm_lib.lib(txm_byte_allocate.o) []
LOAD common\libs\txm_lib.lib(txm_byte_release.o) []
LOAD common\libs\txm_lib.lib(txm_event_flags_create.o) []
LOAD common\libs\txm_lib.lib(txm_event_flags_delete.o) []
LOAD common\libs\txm_lib.lib(txm_event_flags_get.o) []
LOAD common\libs\txm_lib.lib(txm_event_flags_info_get.o) []
LOAD common\libs\txm_lib.lib(txm_event_flags_set.o) []
LOAD common\libs\txm_lib.lib(txm_module_object_allocate.o) []
LOAD common\libs\txm_lib.lib(txm_module_object_deallocate.o) []
LOAD common\libs\txm_lib.lib(txm_module_thread_system_suspend.o) []
LOAD common\libs\txm_lib.lib(txm_mutex_create.o) []
LOAD common\libs\txm_lib.lib(txm_mutex_delete.o) []
LOAD common\libs\txm_lib.lib(txm_mutex_get.o) []
LOAD common\libs\txm_lib.lib(txm_mutex_put.o) []
LOAD common\libs\txm_lib.lib(txm_queue_receive.o) []
LOAD common\libs\txm_lib.lib(txm_thread_create.o) []
LOAD common\libs\txm_lib.lib(txm_thread_delete.o) []
LOAD common\libs\txm_lib.lib(txm_thread_identify.o) []
LOAD common\libs\txm_lib.lib(txm_thread_preemption_change.o) []
LOAD common\libs\txm_lib.lib(txm_thread_resume.o) []
LOAD common\libs\txm_lib.lib(txm_thread_sleep.o) []
LOAD common\libs\txm_lib.lib(txm_thread_terminate.o) []
LOAD common\libs\txm_lib.lib(txm_time_get.o) []
START GROUP
END GROUP
START GROUP
LOAD C:\Users\2166772\Downloads\snapdragon_sd_llvm_arm.win.4.0_installer_41720.103-16-22_11_46_50\Snapdragon_SD_LLVM_ARM_WIN_4_0_Installer_41720_1\Snapdragon-llvm-4.0.17-windows64\armv7m-none-eabi\libc\lib/libc.a(malloc.o) []
LOAD C:\Users\2166772\Downloads\snapdragon_sd_llvm_arm.win.4.0_installer_41720.103-16-22_11_46_50\Snapdragon_SD_LLVM_ARM_WIN_4_0_Installer_41720_1\Snapdragon-llvm-4.0.17-windows64\armv7m-none-eabi\libc\lib/libc.a(floor.o) []
LOAD C:\Users\2166772\Downloads\snapdragon_sd_llvm_arm.win.4.0_installer_41720.103-16-22_11_46_50\Snapdragon_SD_LLVM_ARM_WIN_4_0_Installer_41720_1\Snapdragon-llvm-4.0.17-windows64\armv7m-none-eabi\libc\lib/libc.a(pow.o) []
LOAD C:\Users\2166772\Downloads\snapdragon_sd_llvm_arm.win.4.0_installer_41720.103-16-22_11_46_50\Snapdragon_SD_LLVM_ARM_WIN_4_0_Installer_41720_1\Snapdragon-llvm-4.0.17-windows64\armv7m-none-eabi\libc\lib/libc.a(scalbn.o) []
LOAD C:\Users\2166772\Downloads\snapdragon_sd_llvm_arm.win.4.0_installer_41720.103-16-22_11_46_50\Snapdragon_SD_LLVM_ARM_WIN_4_0_Installer_41720_1\Snapdragon-llvm-4.0.17-windows64\armv7m-none-eabi\libc\lib/libc.a(madvise.o) []
LOAD C:\Users\2166772\Downloads\snapdragon_sd_llvm_arm.win.4.0_installer_41720.103-16-22_11_46_50\Snapdragon_SD_LLVM_ARM_WIN_4_0_Installer_41720_1\Snapdragon-llvm-4.0.17-windows64\armv7m-none-eabi\libc\lib/libc.a(mremap.o) []
LOAD C:\Users\2166772\Downloads\snapdragon_sd_llvm_arm.win.4.0_installer_41720.103-16-22_11_46_50\Snapdragon_SD_LLVM_ARM_WIN_4_0_Installer_41720_1\Snapdragon-llvm-4.0.17-windows64\armv7m-none-eabi\libc\lib/libc.a(munmap.o) []
LOAD C:\Users\2166772\Downloads\snapdragon_sd_llvm_arm.win.4.0_installer_41720.103-16-22_11_46_50\Snapdragon_SD_LLVM_ARM_WIN_4_0_Installer_41720_1\Snapdragon-llvm-4.0.17-windows64\armv7m-none-eabi\libc\lib/libc.a(vfprintf.o) []
LOAD C:\Users\2166772\Downloads\snapdragon_sd_llvm_arm.win.4.0_installer_41720.103-16-22_11_46_50\Snapdragon_SD_LLVM_ARM_WIN_4_0_Installer_41720_1\Snapdragon-llvm-4.0.17-windows64\armv7m-none-eabi\libc\lib/libc.a(fwrite.o) []
LOAD C:\Users\2166772\Downloads\snapdragon_sd_llvm_arm.win.4.0_installer_41720.103-16-22_11_46_50\Snapdragon_SD_LLVM_ARM_WIN_4_0_Installer_41720_1\Snapdragon-llvm-4.0.17-windows64\armv7m-none-eabi\libc\lib/libc.a(snprintf.o) []
LOAD C:\Users\2166772\Downloads\snapdragon_sd_llvm_arm.win.4.0_installer_41720.103-16-22_11_46_50\Snapdragon_SD_LLVM_ARM_WIN_4_0_Installer_41720_1\Snapdragon-llvm-4.0.17-windows64\armv7m-none-eabi\libc\lib/libc.a(vsnprintf.o) []
LOAD C:\Users\2166772\Downloads\snapdragon_sd_llvm_arm.win.4.0_installer_41720.103-16-22_11_46_50\Snapdragon_SD_LLVM_ARM_WIN_4_0_Installer_41720_1\Snapdragon-llvm-4.0.17-windows64\armv7m-none-eabi\libc\lib/libc.a(atof.o) []
LOAD C:\Users\2166772\Downloads\snapdragon_sd_llvm_arm.win.4.0_installer_41720.103-16-22_11_46_50\Snapdragon_SD_LLVM_ARM_WIN_4_0_Installer_41720_1\Snapdragon-llvm-4.0.17-windows64\armv7m-none-eabi\libc\lib/libc.a(atoi.o) []
LOAD C:\Users\2166772\Downloads\snapdragon_sd_llvm_arm.win.4.0_installer_41720.103-16-22_11_46_50\Snapdragon_SD_LLVM_ARM_WIN_4_0_Installer_41720_1\Snapdragon-llvm-4.0.17-windows64\armv7m-none-eabi\libc\lib/libc.a(strtod.o) []
LOAD C:\Users\2166772\Downloads\snapdragon_sd_llvm_arm.win.4.0_installer_41720.103-16-22_11_46_50\Snapdragon_SD_LLVM_ARM_WIN_4_0_Installer_41720_1\Snapdragon-llvm-4.0.17-windows64\armv7m-none-eabi\libc\lib/libc.a(strtol.o) []
LOAD C:\Users\2166772\Downloads\snapdragon_sd_llvm_arm.win.4.0_installer_41720.103-16-22_11_46_50\Snapdragon_SD_LLVM_ARM_WIN_4_0_Installer_41720_1\Snapdragon-llvm-4.0.17-windows64\armv7m-none-eabi\libc\lib/libc.a(__aeabi_memclr.o) []
LOAD C:\Users\2166772\Downloads\snapdragon_sd_llvm_arm.win.4.0_installer_41720.103-16-22_11_46_50\Snapdragon_SD_LLVM_ARM_WIN_4_0_Installer_41720_1\Snapdragon-llvm-4.0.17-windows64\armv7m-none-eabi\libc\lib/libc.a(__aeabi_memcpy.o) []
LOAD C:\Users\2166772\Downloads\snapdragon_sd_llvm_arm.win.4.0_installer_41720.103-16-22_11_46_50\Snapdragon_SD_LLVM_ARM_WIN_4_0_Installer_41720_1\Snapdragon-llvm-4.0.17-windows64\armv7m-none-eabi\libc\lib/libc.a(memcpy_le.o) []
LOAD C:\Users\2166772\Downloads\snapdragon_sd_llvm_arm.win.4.0_installer_41720.103-16-22_11_46_50\Snapdragon_SD_LLVM_ARM_WIN_4_0_Installer_41720_1\Snapdragon-llvm-4.0.17-windows64\armv7m-none-eabi\libc\lib/libc.a(memset_nofp_armv7.o) []
LOAD C:\Users\2166772\Downloads\snapdragon_sd_llvm_arm.win.4.0_installer_41720.103-16-22_11_46_50\Snapdragon_SD_LLVM_ARM_WIN_4_0_Installer_41720_1\Snapdragon-llvm-4.0.17-windows64\armv7m-none-eabi\libc\lib/libc.a(memchr.o) []
LOAD C:\Users\2166772\Downloads\snapdragon_sd_llvm_arm.win.4.0_installer_41720.103-16-22_11_46_50\Snapdragon_SD_LLVM_ARM_WIN_4_0_Installer_41720_1\Snapdragon-llvm-4.0.17-windows64\armv7m-none-eabi\libc\lib/libc.a(strcasecmp.o) []
LOAD C:\Users\2166772\Downloads\snapdragon_sd_llvm_arm.win.4.0_installer_41720.103-16-22_11_46_50\Snapdragon_SD_LLVM_ARM_WIN_4_0_Installer_41720_1\Snapdragon-llvm-4.0.17-windows64\armv7m-none-eabi\libc\lib/libc.a(strchr.o) []
LOAD C:\Users\2166772\Downloads\snapdragon_sd_llvm_arm.win.4.0_installer_41720.103-16-22_11_46_50\Snapdragon_SD_LLVM_ARM_WIN_4_0_Installer_41720_1\Snapdragon-llvm-4.0.17-windows64\armv7m-none-eabi\libc\lib/libc.a(strchrnul.o) []
LOAD C:\Users\2166772\Downloads\snapdragon_sd_llvm_arm.win.4.0_installer_41720.103-16-22_11_46_50\Snapdragon_SD_LLVM_ARM_WIN_4_0_Installer_41720_1\Snapdragon-llvm-4.0.17-windows64\armv7m-none-eabi\libc\lib/libc.a(strlcpy.o) []
LOAD C:\Users\2166772\Downloads\snapdragon_sd_llvm_arm.win.4.0_installer_41720.103-16-22_11_46_50\Snapdragon_SD_LLVM_ARM_WIN_4_0_Installer_41720_1\Snapdragon-llvm-4.0.17-windows64\armv7m-none-eabi\libc\lib/libc.a(strlen.o) []
LOAD C:\Users\2166772\Downloads\snapdragon_sd_llvm_arm.win.4.0_installer_41720.103-16-22_11_46_50\Snapdragon_SD_LLVM_ARM_WIN_4_0_Installer_41720_1\Snapdragon-llvm-4.0.17-windows64\armv7m-none-eabi\libc\lib/libc.a(strncmp.o) []
LOAD C:\Users\2166772\Downloads\snapdragon_sd_llvm_arm.win.4.0_installer_41720.103-16-22_11_46_50\Snapdragon_SD_LLVM_ARM_WIN_4_0_Installer_41720_1\Snapdragon-llvm-4.0.17-windows64\armv7m-none-eabi\libc\lib/libc.a(strspn.o) []
LOAD C:\Users\2166772\Downloads\snapdragon_sd_llvm_arm.win.4.0_installer_41720.103-16-22_11_46_50\Snapdragon_SD_LLVM_ARM_WIN_4_0_Installer_41720_1\Snapdragon-llvm-4.0.17-windows64\armv7m-none-eabi\libc\lib/libc.a(strstr.o) []
LOAD C:\Users\2166772\Downloads\snapdragon_sd_llvm_arm.win.4.0_installer_41720.103-16-22_11_46_50\Snapdragon_SD_LLVM_ARM_WIN_4_0_Installer_41720_1\Snapdragon-llvm-4.0.17-windows64\armv7m-none-eabi\libc\lib/libc.a(__wait.o) []
LOAD C:\Users\2166772\Downloads\snapdragon_sd_llvm_arm.win.4.0_installer_41720.103-16-22_11_46_50\Snapdragon_SD_LLVM_ARM_WIN_4_0_Installer_41720_1\Snapdragon-llvm-4.0.17-windows64\armv7m-none-eabi\libc\lib/libc.a(tolower.o) []
LOAD C:\Users\2166772\Downloads\snapdragon_sd_llvm_arm.win.4.0_installer_41720.103-16-22_11_46_50\Snapdragon_SD_LLVM_ARM_WIN_4_0_Installer_41720_1\Snapdragon-llvm-4.0.17-windows64\armv7m-none-eabi\libc\lib/libc.a(__errno_location.o) []
LOAD C:\Users\2166772\Downloads\snapdragon_sd_llvm_arm.win.4.0_installer_41720.103-16-22_11_46_50\Snapdragon_SD_LLVM_ARM_WIN_4_0_Installer_41720_1\Snapdragon-llvm-4.0.17-windows64\armv7m-none-eabi\libc\lib/libc.a(strerror.o) []
LOAD C:\Users\2166772\Downloads\snapdragon_sd_llvm_arm.win.4.0_installer_41720.103-16-22_11_46_50\Snapdragon_SD_LLVM_ARM_WIN_4_0_Installer_41720_1\Snapdragon-llvm-4.0.17-windows64\armv7m-none-eabi\libc\lib/libc.a(floatscan.o) []
LOAD C:\Users\2166772\Downloads\snapdragon_sd_llvm_arm.win.4.0_installer_41720.103-16-22_11_46_50\Snapdragon_SD_LLVM_ARM_WIN_4_0_Installer_41720_1\Snapdragon-llvm-4.0.17-windows64\armv7m-none-eabi\libc\lib/libc.a(intscan.o) []
LOAD C:\Users\2166772\Downloads\snapdragon_sd_llvm_arm.win.4.0_installer_41720.103-16-22_11_46_50\Snapdragon_SD_LLVM_ARM_WIN_4_0_Installer_41720_1\Snapdragon-llvm-4.0.17-windows64\armv7m-none-eabi\libc\lib/libc.a(libc.o) []
LOAD C:\Users\2166772\Downloads\snapdragon_sd_llvm_arm.win.4.0_installer_41720.103-16-22_11_46_50\Snapdragon_SD_LLVM_ARM_WIN_4_0_Installer_41720_1\Snapdragon-llvm-4.0.17-windows64\armv7m-none-eabi\libc\lib/libc.a(shgetc.o) []
LOAD C:\Users\2166772\Downloads\snapdragon_sd_llvm_arm.win.4.0_installer_41720.103-16-22_11_46_50\Snapdragon_SD_LLVM_ARM_WIN_4_0_Installer_41720_1\Snapdragon-llvm-4.0.17-windows64\armv7m-none-eabi\libc\lib/libc.a(syscall_ret.o) []
LOAD C:\Users\2166772\Downloads\snapdragon_sd_llvm_arm.win.4.0_installer_41720.103-16-22_11_46_50\Snapdragon_SD_LLVM_ARM_WIN_4_0_Installer_41720_1\Snapdragon-llvm-4.0.17-windows64\armv7m-none-eabi\libc\lib/libc.a(__lctrans.o) []
LOAD C:\Users\2166772\Downloads\snapdragon_sd_llvm_arm.win.4.0_installer_41720.103-16-22_11_46_50\Snapdragon_SD_LLVM_ARM_WIN_4_0_Installer_41720_1\Snapdragon-llvm-4.0.17-windows64\armv7m-none-eabi\libc\lib/libc.a(expand_heap.o) []
LOAD C:\Users\2166772\Downloads\snapdragon_sd_llvm_arm.win.4.0_installer_41720.103-16-22_11_46_50\Snapdragon_SD_LLVM_ARM_WIN_4_0_Installer_41720_1\Snapdragon-llvm-4.0.17-windows64\armv7m-none-eabi\libc\lib/libc.a(fabs.o) []
LOAD C:\Users\2166772\Downloads\snapdragon_sd_llvm_arm.win.4.0_installer_41720.103-16-22_11_46_50\Snapdragon_SD_LLVM_ARM_WIN_4_0_Installer_41720_1\Snapdragon-llvm-4.0.17-windows64\armv7m-none-eabi\libc\lib/libc.a(sqrt.o) []
LOAD C:\Users\2166772\Downloads\snapdragon_sd_llvm_arm.win.4.0_installer_41720.103-16-22_11_46_50\Snapdragon_SD_LLVM_ARM_WIN_4_0_Installer_41720_1\Snapdragon-llvm-4.0.17-windows64\armv7m-none-eabi\libc\lib/libc.a(copysignl.o) []
LOAD C:\Users\2166772\Downloads\snapdragon_sd_llvm_arm.win.4.0_installer_41720.103-16-22_11_46_50\Snapdragon_SD_LLVM_ARM_WIN_4_0_Installer_41720_1\Snapdragon-llvm-4.0.17-windows64\armv7m-none-eabi\libc\lib/libc.a(fmodl.o) []
LOAD C:\Users\2166772\Downloads\snapdragon_sd_llvm_arm.win.4.0_installer_41720.103-16-22_11_46_50\Snapdragon_SD_LLVM_ARM_WIN_4_0_Installer_41720_1\Snapdragon-llvm-4.0.17-windows64\armv7m-none-eabi\libc\lib/libc.a(scalbnl.o) []
LOAD C:\Users\2166772\Downloads\snapdragon_sd_llvm_arm.win.4.0_installer_41720.103-16-22_11_46_50\Snapdragon_SD_LLVM_ARM_WIN_4_0_Installer_41720_1\Snapdragon-llvm-4.0.17-windows64\armv7m-none-eabi\libc\lib/libc.a(wctomb.o) []
LOAD C:\Users\2166772\Downloads\snapdragon_sd_llvm_arm.win.4.0_installer_41720.103-16-22_11_46_50\Snapdragon_SD_LLVM_ARM_WIN_4_0_Installer_41720_1\Snapdragon-llvm-4.0.17-windows64\armv7m-none-eabi\libc\lib/libc.a(__towrite.o) []
LOAD C:\Users\2166772\Downloads\snapdragon_sd_llvm_arm.win.4.0_installer_41720.103-16-22_11_46_50\Snapdragon_SD_LLVM_ARM_WIN_4_0_Installer_41720_1\Snapdragon-llvm-4.0.17-windows64\armv7m-none-eabi\libc\lib/libc.a(__uflow.o) []
LOAD C:\Users\2166772\Downloads\snapdragon_sd_llvm_arm.win.4.0_installer_41720.103-16-22_11_46_50\Snapdragon_SD_LLVM_ARM_WIN_4_0_Installer_41720_1\Snapdragon-llvm-4.0.17-windows64\armv7m-none-eabi\libc\lib/libc.a(__lockfile.o) []
LOAD C:\Users\2166772\Downloads\snapdragon_sd_llvm_arm.win.4.0_installer_41720.103-16-22_11_46_50\Snapdragon_SD_LLVM_ARM_WIN_4_0_Installer_41720_1\Snapdragon-llvm-4.0.17-windows64\armv7m-none-eabi\libc\lib/libc.a(memcmp.o) []
LOAD C:\Users\2166772\Downloads\snapdragon_sd_llvm_arm.win.4.0_installer_41720.103-16-22_11_46_50\Snapdragon_SD_LLVM_ARM_WIN_4_0_Installer_41720_1\Snapdragon-llvm-4.0.17-windows64\armv7m-none-eabi\libc\lib/libc.a(__brk.o) []
LOAD C:\Users\2166772\Downloads\snapdragon_sd_llvm_arm.win.4.0_installer_41720.103-16-22_11_46_50\Snapdragon_SD_LLVM_ARM_WIN_4_0_Installer_41720_1\Snapdragon-llvm-4.0.17-windows64\armv7m-none-eabi\libc\lib/libc.a(copysign.o) []
LOAD C:\Users\2166772\Downloads\snapdragon_sd_llvm_arm.win.4.0_installer_41720.103-16-22_11_46_50\Snapdragon_SD_LLVM_ARM_WIN_4_0_Installer_41720_1\Snapdragon-llvm-4.0.17-windows64\armv7m-none-eabi\libc\lib/libc.a(fmod.o) []
LOAD C:\Users\2166772\Downloads\snapdragon_sd_llvm_arm.win.4.0_installer_41720.103-16-22_11_46_50\Snapdragon_SD_LLVM_ARM_WIN_4_0_Installer_41720_1\Snapdragon-llvm-4.0.17-windows64\armv7m-none-eabi\libc\lib/libc.a(wcrtomb.o) []
LOAD C:\Users\2166772\Downloads\snapdragon_sd_llvm_arm.win.4.0_installer_41720.103-16-22_11_46_50\Snapdragon_SD_LLVM_ARM_WIN_4_0_Installer_41720_1\Snapdragon-llvm-4.0.17-windows64\armv7m-none-eabi\libc\lib/libc.a(__stdio_exit.o) []
LOAD C:\Users\2166772\Downloads\snapdragon_sd_llvm_arm.win.4.0_installer_41720.103-16-22_11_46_50\Snapdragon_SD_LLVM_ARM_WIN_4_0_Installer_41720_1\Snapdragon-llvm-4.0.17-windows64\armv7m-none-eabi\libc\lib/libc.a(__toread.o) []
LOAD C:\Users\2166772\Downloads\snapdragon_sd_llvm_arm.win.4.0_installer_41720.103-16-22_11_46_50\Snapdragon_SD_LLVM_ARM_WIN_4_0_Installer_41720_1\Snapdragon-llvm-4.0.17-windows64\armv7m-none-eabi\libc\lib/libc.a(ofl.o) []
LOAD C:\Users\2166772\Downloads\snapdragon_sd_llvm_arm.win.4.0_installer_41720.103-16-22_11_46_50\Snapdragon_SD_LLVM_ARM_WIN_4_0_Installer_41720_1\Snapdragon-llvm-4.0.17-windows64\lib\clang\4.0.17\lib\baremetal/libclang_rt.builtins-armv7m.a(aeabi_dcmp.S.obj) []
LOAD C:\Users\2166772\Downloads\snapdragon_sd_llvm_arm.win.4.0_installer_41720.103-16-22_11_46_50\Snapdragon_SD_LLVM_ARM_WIN_4_0_Installer_41720_1\Snapdragon-llvm-4.0.17-windows64\lib\clang\4.0.17\lib\baremetal/libclang_rt.builtins-armv7m.a(aeabi_fcmp.S.obj) []
LOAD C:\Users\2166772\Downloads\snapdragon_sd_llvm_arm.win.4.0_installer_41720.103-16-22_11_46_50\Snapdragon_SD_LLVM_ARM_WIN_4_0_Installer_41720_1\Snapdragon-llvm-4.0.17-windows64\lib\clang\4.0.17\lib\baremetal/libclang_rt.builtins-armv7m.a(aeabi_ldivmod.S.obj) []
LOAD C:\Users\2166772\Downloads\snapdragon_sd_llvm_arm.win.4.0_installer_41720.103-16-22_11_46_50\Snapdragon_SD_LLVM_ARM_WIN_4_0_Installer_41720_1\Snapdragon-llvm-4.0.17-windows64\lib\clang\4.0.17\lib\baremetal/libclang_rt.builtins-armv7m.a(aeabi_uldivmod.S.obj) []
LOAD C:\Users\2166772\Downloads\snapdragon_sd_llvm_arm.win.4.0_installer_41720.103-16-22_11_46_50\Snapdragon_SD_LLVM_ARM_WIN_4_0_Installer_41720_1\Snapdragon-llvm-4.0.17-windows64\lib\clang\4.0.17\lib\baremetal/libclang_rt.builtins-armv7m.a(adddf3.c.obj) []
LOAD C:\Users\2166772\Downloads\snapdragon_sd_llvm_arm.win.4.0_installer_41720.103-16-22_11_46_50\Snapdragon_SD_LLVM_ARM_WIN_4_0_Installer_41720_1\Snapdragon-llvm-4.0.17-windows64\lib\clang\4.0.17\lib\baremetal/libclang_rt.builtins-armv7m.a(addsf3.c.obj) []
LOAD C:\Users\2166772\Downloads\snapdragon_sd_llvm_arm.win.4.0_installer_41720.103-16-22_11_46_50\Snapdragon_SD_LLVM_ARM_WIN_4_0_Installer_41720_1\Snapdragon-llvm-4.0.17-windows64\lib\clang\4.0.17\lib\baremetal/libclang_rt.builtins-armv7m.a(comparedf2.c.obj) []
LOAD C:\Users\2166772\Downloads\snapdragon_sd_llvm_arm.win.4.0_installer_41720.103-16-22_11_46_50\Snapdragon_SD_LLVM_ARM_WIN_4_0_Installer_41720_1\Snapdragon-llvm-4.0.17-windows64\lib\clang\4.0.17\lib\baremetal/libclang_rt.builtins-armv7m.a(comparesf2.c.obj) []
LOAD C:\Users\2166772\Downloads\snapdragon_sd_llvm_arm.win.4.0_installer_41720.103-16-22_11_46_50\Snapdragon_SD_LLVM_ARM_WIN_4_0_Installer_41720_1\Snapdragon-llvm-4.0.17-windows64\lib\clang\4.0.17\lib\baremetal/libclang_rt.builtins-armv7m.a(divdf3.c.obj) []
LOAD C:\Users\2166772\Downloads\snapdragon_sd_llvm_arm.win.4.0_installer_41720.103-16-22_11_46_50\Snapdragon_SD_LLVM_ARM_WIN_4_0_Installer_41720_1\Snapdragon-llvm-4.0.17-windows64\lib\clang\4.0.17\lib\baremetal/libclang_rt.builtins-armv7m.a(divmoddi4.c.obj) []
LOAD C:\Users\2166772\Downloads\snapdragon_sd_llvm_arm.win.4.0_installer_41720.103-16-22_11_46_50\Snapdragon_SD_LLVM_ARM_WIN_4_0_Installer_41720_1\Snapdragon-llvm-4.0.17-windows64\lib\clang\4.0.17\lib\baremetal/libclang_rt.builtins-armv7m.a(divsf3.c.obj) []
LOAD C:\Users\2166772\Downloads\snapdragon_sd_llvm_arm.win.4.0_installer_41720.103-16-22_11_46_50\Snapdragon_SD_LLVM_ARM_WIN_4_0_Installer_41720_1\Snapdragon-llvm-4.0.17-windows64\lib\clang\4.0.17\lib\baremetal/libclang_rt.builtins-armv7m.a(extendsfdf2.c.obj) []
LOAD C:\Users\2166772\Downloads\snapdragon_sd_llvm_arm.win.4.0_installer_41720.103-16-22_11_46_50\Snapdragon_SD_LLVM_ARM_WIN_4_0_Installer_41720_1\Snapdragon-llvm-4.0.17-windows64\lib\clang\4.0.17\lib\baremetal/libclang_rt.builtins-armv7m.a(fixdfdi.c.obj) []
LOAD C:\Users\2166772\Downloads\snapdragon_sd_llvm_arm.win.4.0_installer_41720.103-16-22_11_46_50\Snapdragon_SD_LLVM_ARM_WIN_4_0_Installer_41720_1\Snapdragon-llvm-4.0.17-windows64\lib\clang\4.0.17\lib\baremetal/libclang_rt.builtins-armv7m.a(fixdfsi.c.obj) []
LOAD C:\Users\2166772\Downloads\snapdragon_sd_llvm_arm.win.4.0_installer_41720.103-16-22_11_46_50\Snapdragon_SD_LLVM_ARM_WIN_4_0_Installer_41720_1\Snapdragon-llvm-4.0.17-windows64\lib\clang\4.0.17\lib\baremetal/libclang_rt.builtins-armv7m.a(fixsfsi.c.obj) []
LOAD C:\Users\2166772\Downloads\snapdragon_sd_llvm_arm.win.4.0_installer_41720.103-16-22_11_46_50\Snapdragon_SD_LLVM_ARM_WIN_4_0_Installer_41720_1\Snapdragon-llvm-4.0.17-windows64\lib\clang\4.0.17\lib\baremetal/libclang_rt.builtins-armv7m.a(fixunsdfdi.c.obj) []
LOAD C:\Users\2166772\Downloads\snapdragon_sd_llvm_arm.win.4.0_installer_41720.103-16-22_11_46_50\Snapdragon_SD_LLVM_ARM_WIN_4_0_Installer_41720_1\Snapdragon-llvm-4.0.17-windows64\lib\clang\4.0.17\lib\baremetal/libclang_rt.builtins-armv7m.a(fixunsdfsi.c.obj) []
LOAD C:\Users\2166772\Downloads\snapdragon_sd_llvm_arm.win.4.0_installer_41720.103-16-22_11_46_50\Snapdragon_SD_LLVM_ARM_WIN_4_0_Installer_41720_1\Snapdragon-llvm-4.0.17-windows64\lib\clang\4.0.17\lib\baremetal/libclang_rt.builtins-armv7m.a(floatdidf.c.obj) []
LOAD C:\Users\2166772\Downloads\snapdragon_sd_llvm_arm.win.4.0_installer_41720.103-16-22_11_46_50\Snapdragon_SD_LLVM_ARM_WIN_4_0_Installer_41720_1\Snapdragon-llvm-4.0.17-windows64\lib\clang\4.0.17\lib\baremetal/libclang_rt.builtins-armv7m.a(floatsidf.c.obj) []
LOAD C:\Users\2166772\Downloads\snapdragon_sd_llvm_arm.win.4.0_installer_41720.103-16-22_11_46_50\Snapdragon_SD_LLVM_ARM_WIN_4_0_Installer_41720_1\Snapdragon-llvm-4.0.17-windows64\lib\clang\4.0.17\lib\baremetal/libclang_rt.builtins-armv7m.a(floatsisf.c.obj) []
LOAD C:\Users\2166772\Downloads\snapdragon_sd_llvm_arm.win.4.0_installer_41720.103-16-22_11_46_50\Snapdragon_SD_LLVM_ARM_WIN_4_0_Installer_41720_1\Snapdragon-llvm-4.0.17-windows64\lib\clang\4.0.17\lib\baremetal/libclang_rt.builtins-armv7m.a(floatunsidf.c.obj) []
LOAD C:\Users\2166772\Downloads\snapdragon_sd_llvm_arm.win.4.0_installer_41720.103-16-22_11_46_50\Snapdragon_SD_LLVM_ARM_WIN_4_0_Installer_41720_1\Snapdragon-llvm-4.0.17-windows64\lib\clang\4.0.17\lib\baremetal/libclang_rt.builtins-armv7m.a(muldf3.c.obj) []
LOAD C:\Users\2166772\Downloads\snapdragon_sd_llvm_arm.win.4.0_installer_41720.103-16-22_11_46_50\Snapdragon_SD_LLVM_ARM_WIN_4_0_Installer_41720_1\Snapdragon-llvm-4.0.17-windows64\lib\clang\4.0.17\lib\baremetal/libclang_rt.builtins-armv7m.a(mulsf3.c.obj) []
LOAD C:\Users\2166772\Downloads\snapdragon_sd_llvm_arm.win.4.0_installer_41720.103-16-22_11_46_50\Snapdragon_SD_LLVM_ARM_WIN_4_0_Installer_41720_1\Snapdragon-llvm-4.0.17-windows64\lib\clang\4.0.17\lib\baremetal/libclang_rt.builtins-armv7m.a(subdf3.c.obj) []
LOAD C:\Users\2166772\Downloads\snapdragon_sd_llvm_arm.win.4.0_installer_41720.103-16-22_11_46_50\Snapdragon_SD_LLVM_ARM_WIN_4_0_Installer_41720_1\Snapdragon-llvm-4.0.17-windows64\lib\clang\4.0.17\lib\baremetal/libclang_rt.builtins-armv7m.a(truncdfsf2.c.obj) []
LOAD C:\Users\2166772\Downloads\snapdragon_sd_llvm_arm.win.4.0_installer_41720.103-16-22_11_46_50\Snapdragon_SD_LLVM_ARM_WIN_4_0_Installer_41720_1\Snapdragon-llvm-4.0.17-windows64\lib\clang\4.0.17\lib\baremetal/libclang_rt.builtins-armv7m.a(udivmoddi4.c.obj) []
LOAD C:\Users\2166772\Downloads\snapdragon_sd_llvm_arm.win.4.0_installer_41720.103-16-22_11_46_50\Snapdragon_SD_LLVM_ARM_WIN_4_0_Installer_41720_1\Snapdragon-llvm-4.0.17-windows64\lib\clang\4.0.17\lib\baremetal/libclang_rt.builtins-armv7m.a(divdi3.c.obj) []
END GROUP

Linker scripts used (including INCLUDE command)
src\aware_client\aware_client.ld

ER_RO	0x43000000	0x4e906 # Offset: 0x60, LMA: 0x43000000
	Image$$ER_RO$$Base(0x43000000) = .( 0x43000000 );
*txm_module_preamble_llvm.o(.text .text.* )
*txm_module_preamble_llvm.o(Init )
Init	0x43000000	0x80	src\build\aware_client\txm_module_preamble_llvm.o	#SHT_PROGBITS,SHF_ALLOC|SHF_EXECINSTR,4
	0x43000000		.CODE32
	0x43000000		_txm_module_preamble
*txm_module_preamble_llvm.o(.rodata .rodata.* )
KEEP (*(.text .text.* ))
.text	0x43000080	0x1298	src\build\aware_client\app_config.o	#SHT_PROGBITS,SHF_ALLOC|SHF_EXECINSTR,4
	0x43000080		$a.0
	0x43000080		app_config_create
	0x43000090		app_config_load
	0x43001054		$d.1
	0x43001200		$a.2
	0x43001200		app_config_update
	0x43001300		$d.3
.text	0x43001318	0x944	src\build\aware_client\app_msg_q.o	#SHT_PROGBITS,SHF_ALLOC|SHF_EXECINSTR,4
	0x43001318		$a.0
	0x43001318		app_msg_q_init
	0x4300167c		$d.1
	0x430016c0		$a.2
	0x430016c0		app_msg_q_init2
	0x430016ec		app_msg_q_destroy
	0x430017cc		$d.3
	0x430017d8		$a.4
	0x430017d8		app_msg_q_snd
	0x43001968		$d.5
	0x43001980		$a.6
	0x43001980		_convert_linked_list_err_type
	0x4300199c		$d.7
	0x430019b4		$a.8
	0x430019c4		app_msg_q_rcv
	0x43001b60		$d.9
	0x43001b78		$a.10
	0x43001b78		app_msg_q_flush
	0x43001c50		$d.11
.text	0x43001c5c	0x17f4	src\build\aware_client\app_thread.o	#SHT_PROGBITS,SHF_ALLOC|SHF_EXECINSTR,4
	0x43001c5c		$a.0
	0x43001c5c		app_thread_module_init
	0x43001d30		$d.1
	0x43001d40		$a.2
	0x43001d40		app_thread_context_reset
	0x43001e08		$d.3
	0x43001e18		$a.4
	0x43001e18		app_thread_create
	0x43002308		$d.5
	0x43002360		app_thread_context_deinit
	0x43002360		$a.6
	0x4300245c		$d.7
	0x4300246c		app_thread_destroy
	0x4300246c		$a.8
	0x430026f4		$d.9
	0x43002728		$a.10
	0x43002728		app_thread_send_msg
	0x43002b14		$d.11
	0x43002b60		$a.12
	0x43002b60		app_thread_msg_dealloc
	0x43002b90		app_thread_rcv_msg
	0x43002dc8		$d.13
	0x43002df8		$a.14
	0x43002df8		app_utils_get_context
	0x43002e10		$d.15
	0x43002e14		$a.16
	0x43002e14		app_utils_sleep_ms
	0x43002e2c		app_utils_sleep_ms_with_log
	0x43002f30		$d.17
	0x43002f3c		$a.18
	0x43002f3c		app_utils_init_signal
	0x43002f6c		app_utils_deinit_signal
	0x43002f8c		app_utils_wait_on_signal
	0x43002f94		app_utils_timedwait_on_signal
	0x4300300c		app_utils_mutex_put
	0x430030b8		$d.19
	0x430030c4		$a.20
	0x430030c4		app_utils_mutex_get
	0x43003174		$d.21
	0x43003180		$a.22
	0x43003180		app_utils_set_signal
	0x430031b4		app_utils_mutex_init
	0x43003374		$d.23
	0x43003394		$a.24
	0x43003394		app_utils_mutex_delete
	0x43003444		$d.25
.text	0x43003450	0x9c0	src\build\aware_client\app_utils_list.o	#SHT_PROGBITS,SHF_ALLOC|SHF_EXECINSTR,4
	0x43003450		$a.0
	0x43003450		app_utils_list_init
	0x430035c4		$d.1
	0x430035dc		$a.2
	0x430035dc		app_utils_list_destroy
	0x430036a8		$d.3
	0x430036b4		$a.4
	0x430036b4		app_utils_list_flush
	0x430037a8		$d.5
	0x430037b4		$a.6
	0x430037b4		app_utils_list_add
	0x430039dc		$d.7
	0x43003a00		$a.8
	0x43003a00		app_utils_list_remove
	0x43003b84		$d.9
	0x43003b9c		$a.10
	0x43003b9c		app_utils_list_empty
	0x43003c5c		$d.11
	0x43003c68		$a.12
	0x43003c68		app_utils_list_search
	0x43003e04		$d.13
.text	0x43003e10	0xff4	src\build\aware_client\app_utils_log.o	#SHT_PROGBITS,SHF_ALLOC|SHF_EXECINSTR,4
	0x43003e10		$a.0
	0x43003e10		app_utils_log_location
	0x43004b00		$d.1
	0x43004be8		$a.2
	0x43004be8		app_utils_log_gtpdata
	0x43004d38		$d.3
	0x43004d50		$a.4
	0x43004d50		app_utils_log_nmea
	0x43004df8		$d.5
.text	0x43004e04	0x4d8	src\build\aware_client\app_utils_mem.o	#SHT_PROGBITS,SHF_ALLOC|SHF_EXECINSTR,4
	0x43004e04		$a.0
	0x43004e04		app_utils_byte_create_pool
	0x43005024		$d.1
	0x43005054		$a.2
	0x43005054		app_utils_byte_allocate
	0x430050a8		$d.3
	0x430050ac		$a.4
	0x430050ac		app_utils_byte_release
	0x43005164		$d.5
	0x43005170		$a.6
	0x43005170		app_utils_get_byte_pool
	0x43005238		$d.7
	0x43005248		$a.8
	0x43005248		app_utils_mem_alloc
	0x43005294		app_utils_mem_free
	0x430052a0		memscpy
.text	0x430052dc	0x35c	src\build\aware_client\app_utils_str.o	#SHT_PROGBITS,SHF_ALLOC|SHF_EXECINSTR,4
	0x430052dc		$a.0
	0x430052dc		strdup_s
	0x43005338		trim_white_spaces
	0x43005390		app_utils_string_to_uint64
	0x43005438		app_utils_is_string_uint
	0x430054b0		app_utils_string_to_float
	0x43005568		print_byte_array
	0x4300562c		$d.1
.text	0x43005638	0x46c	src\build\aware_client\app_utils_time.o	#SHT_PROGBITS,SHF_ALLOC|SHF_EXECINSTR,4
	0x43005638		$a.0
	0x43005638		app_utils_timer_init
	0x43005784		$d.1
	0x4300579c		$a.2
	0x4300579c		app_utils_timer_start
	0x43005914		$d.3
	0x4300592c		$a.4
	0x4300592c		app_utils_timer_stop
	0x430059d4		$d.5
	0x430059e0		$a.6
	0x430059e0		app_utils_timer_delete
	0x43005a98		$d.7
.text	0x43005aa4	0xe34	src\build\aware_client\aware_app.o	#SHT_PROGBITS,SHF_ALLOC|SHF_EXECINSTR,4
	0x43005aa4		$a.0
	0x43005aa4		aware_dam_app_start
	0x430067b8		$d.1
.text	0x430068d8	0xd98	src\build\aware_client\aware_app_state.o	#SHT_PROGBITS,SHF_ALLOC|SHF_EXECINSTR,4
	0x430068d8		$a.0
	0x430068d8		set_fota_state
	0x43006910		$d.1
	0x43006924		$a.2
	0x43006b7c		$d.3
	0x43006bbc		$a.4
	0x43006bbc		get_app_state
	0x43006bc8		$d.5
	0x43006bcc		$a.6
	0x43006bcc		get_device_state
	0x43006bd8		$d.7
	0x43006bdc		$a.8
	0x43006bdc		set_device_state
	0x43006c34		$d.9
	0x43006c50		$a.10
	0x43006f90		$d.11
	0x43006fe8		$a.12
	0x43006fe8		set_app_state
	0x43007040		$d.13
	0x43007054		$a.14
	0x430072ac		$d.15
	0x430072ec		$a.16
	0x430072ec		set_app_mode
	0x43007604		$d.17
.text	0x43007670	0x314	src\build\aware_client\aware_device_info.o	#SHT_PROGBITS,SHF_ALLOC|SHF_EXECINSTR,4
	0x43007670		$a.0
	0x43007670		get_aware_device_info
	0x4300780c		$d.1
	0x43007818		$a.2
	0x43007818		device_info_release_indirection
	0x430078c8		$d.3
	0x430078cc		$a.4
	0x430078cc		get_aware_device_sim_status
.text	0x43007984	0x15e0	src\build\aware_client\aware_health_check.o	#SHT_PROGBITS,SHF_ALLOC|SHF_EXECINSTR,4
	0x43007984		$a.0
	0x43007984		valid_config
	0x43007d54		$d.1
	0x43007d74		$a.2
	0x43007d74		perform_health_check
	0x4300876c		$d.3
	0x43008828		$a.4
	0x43008828		print_sim_status
	0x43008858		$d.5
	0x43008878		$a.6
	0x43008c2c		$d.7
	0x43008c8c		$a.8
	0x43008c8c		hc_log_to_file
	0x43008f3c		$d.9
.text	0x43008f64	0x140	src\build\aware_client\aware_log.o	#SHT_PROGBITS,SHF_ALLOC|SHF_EXECINSTR,4
	0x43008f64		$a.0
	0x43008f64		dam_format_log_msg
	0x43008fa0		aware_log_init
	0x43008fa8		aware_log_set_verbose_level
	0x43008fac		aware_log_to_file
	0x430090a0		$d.1
.text	0x430090a4	0xfb4	src\build\aware_client\aware_main_thread.o	#SHT_PROGBITS,SHF_ALLOC|SHF_EXECINSTR,4
	0x430090a4		$a.0
	0x430090a4		aware_main_thread_get_task_id
	0x430090ac		aware_main_thread_get_task_name
	0x430090b4		$d.1
	0x430090b8		$a.2
	0x430090b8		write_string
	0x430090f8		aware_main_thread_send_msg_init
	0x4300910c		aware_main_thread_send_msg_report_location
	0x43009220		$d.3
	0x4300922c		$a.4
	0x4300922c		aware_main_thread_send_msg_report_gtpdata
	0x43009328		$d.5
	0x43009334		$a.6
	0x43009334		aware_main_thread_send_msg_report_sensor_data
	0x43009440		$d.7
	0x4300944c		$a.8
	0x4300944c		aware_main_thread_send_msg_config_update
	0x43009460		aware_main_thread_task_entry
	0x430095bc		$d.9
	0x430095d0		$a.10
	0x43009e58		$d.11
	0x43009f04		$a.12
	0x43009f04		_aware_main_thread_location_request
	0x43009f2c		$d.13
	0x43009f30		$a.14
	0x43009f30		periodic_checkin_timer_expiry_cb
	0x4300a040		$d.15
.text	0x4300a058	0x760	src\build\aware_client\aware_psm.o	#SHT_PROGBITS,SHF_ALLOC|SHF_EXECINSTR,4
	0x4300a058		$a.0
	0x4300a058		aware_psm_cb
	0x4300a1ac		$d.1
	0x4300a1dc		$a.2
	0x4300a254		$d.3
	0x4300a270		$a.4
	0x4300a270		aware_cancel_vote_for_psm
	0x4300a35c		$d.5
	0x4300a374		$a.6
	0x4300a374		aware_psm_init
	0x4300a48c		$d.7
	0x4300a4a8		$a.8
	0x4300a4a8		aware_psm_deinit
	0x4300a5a8		$d.9
	0x4300a5c4		$a.10
	0x4300a5c4		aware_vote_for_psm
	0x4300a768		$d.11
	0x4300a78c		$a.12
	0x4300a78c		aware_compute_psm_time
	0x4300a7b4		$d.13
.text	0x4300a7b8	0x728	src\build\aware_client\aware_utils.o	#SHT_PROGBITS,SHF_ALLOC|SHF_EXECINSTR,4
	0x4300a7b8		$a.0
	0x4300a7b8		get_battery_level
	0x4300a810		get_free_space_in_EFS
	0x4300a870		$d.1
	0x4300a878		$a.2
	0x4300a878		get_current_time_in_milliseconds
	0x4300a95c		$d.3
	0x4300a960		$a.4
	0x4300a960		start_app_timer
	0x4300a9c0		stop_app_timer
	0x4300a9dc		restart_app_timer
	0x4300aa10		aware_atoi
	0x4300aa84		aware_int_to_str
	0x4300ab50		aware_float_to_str
	0x4300adf0		strtok2
	0x4300aedc		$d.5
.text	0x4300aee0	0x160	src\build\aware_client\cfg_mgr_util.o	#SHT_PROGBITS,SHF_ALLOC|SHF_EXECINSTR,4
	0x4300aee0		$a.0
	0x4300aee0		cfg_mgr_apply_update
	0x4300b028		$d.1
.text	0x4300b040	0x1f0c	src\build\aware_client\cJSON.o	#SHT_PROGBITS,SHF_ALLOC|SHF_EXECINSTR,4
	0x4300b040		$a.0
	0x4300b040		cJSON_GetErrorPtr
	0x4300b04c		$d.1
	0x4300b050		cJSON_InitHooks
	0x4300b050		$a.2
	0x4300b09c		$d.3
	0x4300b0a8		$a.4
	0x4300b0a8		cJSON_Delete
	0x4300b124		$d.5
	0x4300b128		cJSON_ParseWithOpts
	0x4300b128		$a.6
	0x4300b1c8		$d.7
	0x4300b1cc		$a.8
	0x4300b1cc		cJSON_New_Item
	0x4300b208		$d.9
	0x4300b20c		$a.10
	0x4300b20c		parse_value
	0x4300b7e4		$d.11
	0x4300b7f4		$a.12
	0x4300b7f4		skip
	0x4300b820		cJSON_Parse
	0x4300b82c		cJSON_Print
	0x4300b838		print_value
	0x4300b878		$d.13
	0x4300b894		$a.14
	0x4300c064		$d.15
	0x4300c0a0		cJSON_PrintUnformatted
	0x4300c0a0		$a.16
	0x4300c0ac		cJSON_GetArraySize
	0x4300c0c8		cJSON_GetArrayItem
	0x4300c0ec		cJSON_GetObjectItem
	0x4300c12c		cJSON_strcasecmp
	0x4300c1a4		cJSON_AddItemToArray
	0x4300c1dc		cJSON_AddItemToObject
	0x4300c22c		$d.17
	0x4300c230		$a.18
	0x4300c230		cJSON_strdup
	0x4300c290		$d.19
	0x4300c294		cJSON_AddItemReferenceToArray
	0x4300c294		$a.20
	0x4300c2b8		create_reference
	0x4300c314		cJSON_AddItemReferenceToObject
	0x4300c340		cJSON_DetachItemFromArray
	0x4300c3ac		cJSON_DeleteItemFromArray
	0x4300c3c0		cJSON_DetachItemFromObject
	0x4300c418		cJSON_DeleteItemFromObject
	0x4300c42c		cJSON_ReplaceItemInArray
	0x4300c49c		cJSON_ReplaceItemInObject
	0x4300c500		cJSON_CreateNull
	0x4300c51c		cJSON_CreateTrue
	0x4300c538		cJSON_CreateFalse
	0x4300c554		cJSON_CreateBool
	0x4300c57c		cJSON_CreateNumber
	0x4300c5c4		cJSON_CreateString
	0x4300c5fc		cJSON_CreateArray
	0x4300c618		cJSON_CreateObject
	0x4300c634		cJSON_CreateIntArray
	0x4300c69c		cJSON_CreateFloatArray
	0x4300c704		cJSON_CreateDoubleArray
	0x4300c76c		cJSON_CreateStringArray
	0x4300c7d0		cJSON_Duplicate
	0x4300c8c8		cJSON_Minify
	0x4300c9c8		parse_string
	0x4300cc08		$d.21
	0x4300cc34		parse_hex4
	0x4300cc34		$a.22
	0x4300cd7c		print_string_ptr
	0x4300cf14		$d.23
	0x4300cf3c		$a.24
	0x4300cf3c		cJSON_tolower
.text	0x4300cf4c	0x8c0	src\build\aware_client\config_parser.o	#SHT_PROGBITS,SHF_ALLOC|SHF_EXECINSTR,4
	0x4300cf4c		$a.0
	0x4300cf4c		config_parser_print
	0x4300d034		$d.1
	0x4300d044		$a.2
	0x4300d044		config_parser_save
	0x4300d1b4		$d.3
	0x4300d1c0		$a.4
	0x4300d1c0		config_parser_get_string
	0x4300d1d8		$d.5
	0x4300d1dc		$a.6
	0x4300d1dc		config_parser_get_longint
	0x4300d224		$d.7
	0x4300d228		$a.8
	0x4300d228		config_parser_get_bitmask
	0x4300d27c		$d.9
	0x4300d280		$a.10
	0x4300d280		config_parser_get_int
	0x4300d2c8		$d.11
	0x4300d2cc		$a.12
	0x4300d2cc		config_parser_get_float
	0x4300d31c		$d.13
	0x4300d320		$a.14
	0x4300d320		config_parser_get_double
	0x4300d36c		$d.15
	0x4300d370		$a.16
	0x4300d370		config_parser_get_boolean
	0x4300d3d4		$d.17
	0x4300d3e0		$a.18
	0x4300d3e0		config_parser_has_key
	0x4300d3e4		config_parser_add
	0x4300d3e8		config_parser_remove
	0x4300d3ec		config_parser_set_string
	0x4300d424		config_parser_set_int
	0x4300d490		$d.19
	0x4300d494		$a.20
	0x4300d494		config_parser_load
	0x4300d7ec		$d.21
	0x4300d808		$a.22
	0x4300d808		config_parser_free
.text	0x4300d80c	0xafc	src\build\aware_client\data_mgr.o	#SHT_PROGBITS,SHF_ALLOC|SHF_EXECINSTR,4
	0x4300d80c		$a.0
	0x4300d80c		publish_pending_messages
	0x4300d82c		data_mgr_connect_coap_server
	0x4300dad8		$d.1
	0x4300db18		$a.2
	0x4300db18		data_mgr_disconnect_coap_server
	0x4300dc70		$d.3
	0x4300dc8c		$a.4
	0x4300dc8c		data_mgr_publish_event
	0x4300dcc0		$d.5
	0x4300dcc4		$a.6
	0x4300dcc4		data_mgr_coap_fota_file_download
	0x4300e29c		$d.7
	0x4300e304		$a.8
	0x4300e304		coap_get_msg_txn_cb
.text	0x4300e308	0x4f9c	src\build\aware_client\data_mgr_coap.o	#SHT_PROGBITS,SHF_ALLOC|SHF_EXECINSTR,4
	0x4300e308		$a.0
	0x4300e308		is_scheme_char
	0x4300e344		parse_url
	0x4300e444		coap_create_session
	0x4300e740		$d.1
	0x4300e768		$a.2
	0x4300e768		coap_session_cb
	0x4300ea54		$d.3
	0x4300ea64		$a.4
	0x4300f51c		$d.5
	0x4300f6cc		$a.6
	0x4300f6cc		qapi_Coap_Client_Session_uspace_dispatcher
	0x4300f6f8		$d.7
	0x4300f70c		$a.8
	0x4300f734		$d.9
	0x4300f738		$a.10
	0x4300f738		coap_create_connection
	0x4300f7cc		$d.11
	0x4300f7d0		$a.12
	0x4300f7d0		coap_configure_connection
	0x43010654		$d.13
	0x43010768		$a.14
	0x43010768		print_coap_connection_status
	0x43010aec		$d.15
	0x43010b60		$a.16
	0x43010b60		coap_destroy_session
	0x43010c68		$d.17
	0x43010c6c		$a.18
	0x43010c6c		coap_close_connection
	0x43010cbc		coap_cleanup
	0x43010e08		$d.19
	0x43010e20		coap_configure_ssl
	0x43010e20		$a.20
	0x43010f08		read_from_efs
	0x43011398		$d.21
	0x430113e0		$a.22
	0x430113e0		coap_response_message_cb
	0x43011a68		$d.23
	0x43011afc		coap_message_add_block2_header
	0x43011afc		$a.24
	0x43011bfc		$d.25
	0x43011c08		coap_message_add_query_string
	0x43011c08		$a.26
	0x43011d70		$d.27
	0x43011d88		$a.28
	0x43011d88		coap_message_add_uri_path
	0x43012054		$d.29
	0x43012084		$a.30
	0x43012084		coap_message_add_content_type
	0x430121e8		$d.31
	0x43012200		$a.32
	0x43012200		coap_message_init
	0x4301235c		$d.33
	0x43012374		$a.34
	0x43012374		coap_message_add_payload
	0x43012544		$d.35
	0x4301255c		$a.36
	0x4301255c		coap_send_post_message
	0x43012c00		$d.37
	0x43012c80		$a.38
	0x43012c80		coap_send_get_block_message
	0x43013230		$d.39
.text	0x430132a4	0xbc0	src\build\aware_client\data_mgr_device_info.o	#SHT_PROGBITS,SHF_ALLOC|SHF_EXECINSTR,4
	0x430132a4		$a.0
	0x430132a4		data_mgr_init_device_info
	0x43013578		$d.1
	0x430135a0		$a.2
	0x430135a0		data_mgr_get_device_serial_number
	0x430137f4		$d.3
	0x43013820		$a.4
	0x43013820		data_mgr_set_wwan_high_priority
	0x43013a30		$d.5
	0x43013a4c		$a.6
	0x43013a4c		data_mgr_release_device_info
	0x43013b00		$d.7
	0x43013b08		$a.8
	0x43013b08		data_mgr_reset_device_info
	0x43013cd4		$d.9
	0x43013cf0		$a.10
	0x43013cf0		data_mgr_param_get_service_status
	0x43013e50		$d.11
.text	0x43013e64	0xef0	src\build\aware_client\data_mgr_dss.o	#SHT_PROGBITS,SHF_ALLOC|SHF_EXECINSTR,4
	0x43013e64		$a.0
	0x43013e64		tcp_inet_ntoa
	0x43013ec8		$d.1
	0x43013ecc		$a.2
	0x43013ecc		dns_parser
	0x430141b0		$d.3
	0x430141e4		$a.4
	0x430141e4		get_ip_from_url
	0x43014c58		$d.5
	0x43014cf0		$a.6
	0x43014cf0		is_valid_ip_address
.text	0x43014d54	0x6d8	src\build\aware_client\data_mgr_queue.o	#SHT_PROGBITS,SHF_ALLOC|SHF_EXECINSTR,4
	0x43014d54		$a.0
	0x43014d54		qe_init
	0x43014da8		$d.1
	0x43014dac		$a.2
	0x43014dac		qe_destroy
	0x43014dcc		qe_enque
	0x43014e30		qe_deque
	0x43014ebc		qe_check
	0x43014ef8		qe_cnt
[...]
	0x2c19		
.debug_str	0x613dd	0x14	common\libs\txm_lib.lib(txm_byte_pool_create.o)	#SHT_PROGBITS,SHF_MERGE|SHF_STRINGS,1
	0x2c37		
.debug_str	0x613f1	0xd	common\libs\txm_lib.lib(txm_byte_pool_create.o)	#SHT_PROGBITS,SHF_MERGE|SHF_STRINGS,1
	0x2c4b		
.debug_str	0x613fe	0x9	common\libs\txm_lib.lib(txm_byte_pool_create.o)	#SHT_PROGBITS,SHF_MERGE|SHF_STRINGS,1
	0x2c58		
.debug_str	0x61407	0xb	common\libs\txm_lib.lib(txm_byte_pool_create.o)	#SHT_PROGBITS,SHF_MERGE|SHF_STRINGS,1
	0x2c61		
.debug_str	0x61412	0xa	common\libs\txm_lib.lib(txm_byte_pool_create.o)	#SHT_PROGBITS,SHF_MERGE|SHF_STRINGS,1
	0x2c6c		
.debug_str	0x6141c	0x18	common\libs\txm_lib.lib(txm_byte_pool_create.o)	#SHT_PROGBITS,SHF_MERGE|SHF_STRINGS,1
	0x2c76		
.debug_str	0x61434	0x9d	common\libs\txm_lib.lib(txm_byte_allocate.o)	#SHT_PROGBITS,SHF_MERGE|SHF_STRINGS,1
	0x2c8e		
.debug_str	0x614d1	0x13	common\libs\txm_lib.lib(txm_byte_allocate.o)	#SHT_PROGBITS,SHF_MERGE|SHF_STRINGS,1
	0x2d2b		
.debug_str	0x614e4	0xb	common\libs\txm_lib.lib(txm_byte_allocate.o)	#SHT_PROGBITS,SHF_MERGE|SHF_STRINGS,1
	0x2d3e		
.debug_str	0x614ef	0xc	common\libs\txm_lib.lib(txm_byte_allocate.o)	#SHT_PROGBITS,SHF_MERGE|SHF_STRINGS,1
	0x2d49		
.debug_str	0x614fb	0xc	common\libs\txm_lib.lib(txm_byte_allocate.o)	#SHT_PROGBITS,SHF_MERGE|SHF_STRINGS,1
	0x2d55		
.debug_str	0x61507	0x9c	common\libs\txm_lib.lib(txm_byte_release.o)	#SHT_PROGBITS,SHF_MERGE|SHF_STRINGS,1
	0x2d61		
.debug_str	0x615a3	0x12	common\libs\txm_lib.lib(txm_byte_release.o)	#SHT_PROGBITS,SHF_MERGE|SHF_STRINGS,1
	0x2dfd		
.debug_str	0x615b5	0xa2	common\libs\txm_lib.lib(txm_event_flags_create.o)	#SHT_PROGBITS,SHF_MERGE|SHF_STRINGS,1
	0x2e0f		
.debug_str	0x61657	0x18	common\libs\txm_lib.lib(txm_event_flags_create.o)	#SHT_PROGBITS,SHF_MERGE|SHF_STRINGS,1
	0x2eb1		
.debug_str	0x6166f	0xa	common\libs\txm_lib.lib(txm_event_flags_create.o)	#SHT_PROGBITS,SHF_MERGE|SHF_STRINGS,1
	0x2ec9		
.debug_str	0x61679	0x19	common\libs\txm_lib.lib(txm_event_flags_create.o)	#SHT_PROGBITS,SHF_MERGE|SHF_STRINGS,1
	0x2ed3		
.debug_str	0x61692	0xa2	common\libs\txm_lib.lib(txm_event_flags_delete.o)	#SHT_PROGBITS,SHF_MERGE|SHF_STRINGS,1
	0x2eec		
.debug_str	0x61734	0x18	common\libs\txm_lib.lib(txm_event_flags_delete.o)	#SHT_PROGBITS,SHF_MERGE|SHF_STRINGS,1
	0x2f8e		
.debug_str	0x6174c	0x9f	common\libs\txm_lib.lib(txm_event_flags_get.o)	#SHT_PROGBITS,SHF_MERGE|SHF_STRINGS,1
	0x2fa6		
.debug_str	0x617eb	0x15	common\libs\txm_lib.lib(txm_event_flags_get.o)	#SHT_PROGBITS,SHF_MERGE|SHF_STRINGS,1
	0x3045		
.debug_str	0x61800	0x10	common\libs\txm_lib.lib(txm_event_flags_get.o)	#SHT_PROGBITS,SHF_MERGE|SHF_STRINGS,1
	0x305a		
.debug_str	0x61810	0xb	common\libs\txm_lib.lib(txm_event_flags_get.o)	#SHT_PROGBITS,SHF_MERGE|SHF_STRINGS,1
	0x306a		
.debug_str	0x6181b	0x11	common\libs\txm_lib.lib(txm_event_flags_get.o)	#SHT_PROGBITS,SHF_MERGE|SHF_STRINGS,1
	0x3075		
.debug_str	0x6182c	0xa4	common\libs\txm_lib.lib(txm_event_flags_info_get.o)	#SHT_PROGBITS,SHF_MERGE|SHF_STRINGS,1
	0x3086		
.debug_str	0x618d0	0x1a	common\libs\txm_lib.lib(txm_event_flags_info_get.o)	#SHT_PROGBITS,SHF_MERGE|SHF_STRINGS,1
	0x312a		
.debug_str	0x618ea	0x5	common\libs\txm_lib.lib(txm_event_flags_info_get.o)	#SHT_PROGBITS,SHF_MERGE|SHF_STRINGS,1
	0x3144		
.debug_str	0x618ef	0xe	common\libs\txm_lib.lib(txm_event_flags_info_get.o)	#SHT_PROGBITS,SHF_MERGE|SHF_STRINGS,1
	0x3149		
.debug_str	0x618fd	0x10	common\libs\txm_lib.lib(txm_event_flags_info_get.o)	#SHT_PROGBITS,SHF_MERGE|SHF_STRINGS,1
	0x3157		
.debug_str	0x6190d	0x10	common\libs\txm_lib.lib(txm_event_flags_info_get.o)	#SHT_PROGBITS,SHF_MERGE|SHF_STRINGS,1
	0x3167		
.debug_str	0x6191d	0xb	common\libs\txm_lib.lib(txm_event_flags_info_get.o)	#SHT_PROGBITS,SHF_MERGE|SHF_STRINGS,1
	0x3177		
.debug_str	0x61928	0x9f	common\libs\txm_lib.lib(txm_event_flags_set.o)	#SHT_PROGBITS,SHF_MERGE|SHF_STRINGS,1
	0x3182		
.debug_str	0x619c7	0x15	common\libs\txm_lib.lib(txm_event_flags_set.o)	#SHT_PROGBITS,SHF_MERGE|SHF_STRINGS,1
	0x3221		
.debug_str	0x619dc	0xd	common\libs\txm_lib.lib(txm_event_flags_set.o)	#SHT_PROGBITS,SHF_MERGE|SHF_STRINGS,1
	0x3236		
.debug_str	0x619e9	0xb	common\libs\txm_lib.lib(txm_event_flags_set.o)	#SHT_PROGBITS,SHF_MERGE|SHF_STRINGS,1
	0x3243		
.debug_str	0x619f4	0xa6	common\libs\txm_lib.lib(txm_module_object_allocate.o)	#SHT_PROGBITS,SHF_MERGE|SHF_STRINGS,1
	0x324e		
.debug_str	0x61a9a	0x1c	common\libs\txm_lib.lib(txm_module_object_allocate.o)	#SHT_PROGBITS,SHF_MERGE|SHF_STRINGS,1
	0x32f4		
.debug_str	0x61ab6	0xb	common\libs\txm_lib.lib(txm_module_object_allocate.o)	#SHT_PROGBITS,SHF_MERGE|SHF_STRINGS,1
	0x3310		
.debug_str	0x61ac1	0xc	common\libs\txm_lib.lib(txm_module_object_allocate.o)	#SHT_PROGBITS,SHF_MERGE|SHF_STRINGS,1
	0x331b		
.debug_str	0x61acd	0xa8	common\libs\txm_lib.lib(txm_module_object_deallocate.o)	#SHT_PROGBITS,SHF_MERGE|SHF_STRINGS,1
	0x3327		
.debug_str	0x61b75	0x1e	common\libs\txm_lib.lib(txm_module_object_deallocate.o)	#SHT_PROGBITS,SHF_MERGE|SHF_STRINGS,1
	0x33cf		
.debug_str	0x61b93	0xac	common\libs\txm_lib.lib(txm_module_thread_system_suspend.o)	#SHT_PROGBITS,SHF_MERGE|SHF_STRINGS,1
	0x33ed		
.debug_str	0x61c3f	0x22	common\libs\txm_lib.lib(txm_module_thread_system_suspend.o)	#SHT_PROGBITS,SHF_MERGE|SHF_STRINGS,1
	0x3499		
.debug_str	0x61c61	0x9c	common\libs\txm_lib.lib(txm_mutex_create.o)	#SHT_PROGBITS,SHF_MERGE|SHF_STRINGS,1
	0x34bb		
.debug_str	0x61cfd	0x12	common\libs\txm_lib.lib(txm_mutex_create.o)	#SHT_PROGBITS,SHF_MERGE|SHF_STRINGS,1
	0x3557		
.debug_str	0x61d0f	0xa	common\libs\txm_lib.lib(txm_mutex_create.o)	#SHT_PROGBITS,SHF_MERGE|SHF_STRINGS,1
	0x3569		
.debug_str	0x61d19	0x9	common\libs\txm_lib.lib(txm_mutex_create.o)	#SHT_PROGBITS,SHF_MERGE|SHF_STRINGS,1
	0x3573		
.debug_str	0x61d22	0x8	common\libs\txm_lib.lib(txm_mutex_create.o)	#SHT_PROGBITS,SHF_MERGE|SHF_STRINGS,1
	0x357c		
.debug_str	0x61d2a	0x19	common\libs\txm_lib.lib(txm_mutex_create.o)	#SHT_PROGBITS,SHF_MERGE|SHF_STRINGS,1
	0x3584		
.debug_str	0x61d43	0x9c	common\libs\txm_lib.lib(txm_mutex_delete.o)	#SHT_PROGBITS,SHF_MERGE|SHF_STRINGS,1
	0x359d		
.debug_str	0x61ddf	0x12	common\libs\txm_lib.lib(txm_mutex_delete.o)	#SHT_PROGBITS,SHF_MERGE|SHF_STRINGS,1
	0x3639		
.debug_str	0x61df1	0x99	common\libs\txm_lib.lib(txm_mutex_get.o)	#SHT_PROGBITS,SHF_MERGE|SHF_STRINGS,1
	0x364b		
.debug_str	0x61e8a	0xf	common\libs\txm_lib.lib(txm_mutex_get.o)	#SHT_PROGBITS,SHF_MERGE|SHF_STRINGS,1
	0x36e4		
.debug_str	0x61e99	0x99	common\libs\txm_lib.lib(txm_mutex_put.o)	#SHT_PROGBITS,SHF_MERGE|SHF_STRINGS,1
	0x36f3		
.debug_str	0x61f32	0xf	common\libs\txm_lib.lib(txm_mutex_put.o)	#SHT_PROGBITS,SHF_MERGE|SHF_STRINGS,1
	0x378c		
.debug_str	0x61f41	0x9d	common\libs\txm_lib.lib(txm_queue_receive.o)	#SHT_PROGBITS,SHF_MERGE|SHF_STRINGS,1
	0x379b		
.debug_str	0x61fde	0x13	common\libs\txm_lib.lib(txm_queue_receive.o)	#SHT_PROGBITS,SHF_MERGE|SHF_STRINGS,1
	0x3838		
.debug_str	0x61ff1	0xa	common\libs\txm_lib.lib(txm_queue_receive.o)	#SHT_PROGBITS,SHF_MERGE|SHF_STRINGS,1
	0x384b		
.debug_str	0x61ffb	0x10	common\libs\txm_lib.lib(txm_queue_receive.o)	#SHT_PROGBITS,SHF_MERGE|SHF_STRINGS,1
	0x3855		
.debug_str	0x6200b	0x9d	common\libs\txm_lib.lib(txm_thread_create.o)	#SHT_PROGBITS,SHF_MERGE|SHF_STRINGS,1
	0x3865		
.debug_str	0x620a8	0x13	common\libs\txm_lib.lib(txm_thread_create.o)	#SHT_PROGBITS,SHF_MERGE|SHF_STRINGS,1
	0x3902		
.debug_str	0x620bb	0xf	common\libs\txm_lib.lib(txm_thread_create.o)	#SHT_PROGBITS,SHF_MERGE|SHF_STRINGS,1
	0x3915		
.debug_str	0x620ca	0xc	common\libs\txm_lib.lib(txm_thread_create.o)	#SHT_PROGBITS,SHF_MERGE|SHF_STRINGS,1
	0x3924		
.debug_str	0x620d6	0xc	common\libs\txm_lib.lib(txm_thread_create.o)	#SHT_PROGBITS,SHF_MERGE|SHF_STRINGS,1
	0x3930		
.debug_str	0x620e2	0xb	common\libs\txm_lib.lib(txm_thread_create.o)	#SHT_PROGBITS,SHF_MERGE|SHF_STRINGS,1
	0x393c		
.debug_str	0x620ed	0x9	common\libs\txm_lib.lib(txm_thread_create.o)	#SHT_PROGBITS,SHF_MERGE|SHF_STRINGS,1
	0x3947		
.debug_str	0x620f6	0x12	common\libs\txm_lib.lib(txm_thread_create.o)	#SHT_PROGBITS,SHF_MERGE|SHF_STRINGS,1
	0x3950		
.debug_str	0x62108	0xb	common\libs\txm_lib.lib(txm_thread_create.o)	#SHT_PROGBITS,SHF_MERGE|SHF_STRINGS,1
	0x3962		
.debug_str	0x62113	0xb	common\libs\txm_lib.lib(txm_thread_create.o)	#SHT_PROGBITS,SHF_MERGE|SHF_STRINGS,1
	0x396d		
.debug_str	0x6211e	0x1a	common\libs\txm_lib.lib(txm_thread_create.o)	#SHT_PROGBITS,SHF_MERGE|SHF_STRINGS,1
	0x3978		
.debug_str	0x62138	0x9d	common\libs\txm_lib.lib(txm_thread_delete.o)	#SHT_PROGBITS,SHF_MERGE|SHF_STRINGS,1
	0x3992		
.debug_str	0x621d5	0x13	common\libs\txm_lib.lib(txm_thread_delete.o)	#SHT_PROGBITS,SHF_MERGE|SHF_STRINGS,1
	0x3a2f		
.debug_str	0x621e8	0x9f	common\libs\txm_lib.lib(txm_thread_identify.o)	#SHT_PROGBITS,SHF_MERGE|SHF_STRINGS,1
	0x3a42		
.debug_str	0x62287	0x14	common\libs\txm_lib.lib(txm_thread_identify.o)	#SHT_PROGBITS,SHF_MERGE|SHF_STRINGS,1
	0x3ae1		
.debug_str	0x6229b	0xa8	common\libs\txm_lib.lib(txm_thread_preemption_change.o)	#SHT_PROGBITS,SHF_MERGE|SHF_STRINGS,1
	0x3af5		
.debug_str	0x62343	0x1e	common\libs\txm_lib.lib(txm_thread_preemption_change.o)	#SHT_PROGBITS,SHF_MERGE|SHF_STRINGS,1
	0x3b9d		
.debug_str	0x62361	0xe	common\libs\txm_lib.lib(txm_thread_preemption_change.o)	#SHT_PROGBITS,SHF_MERGE|SHF_STRINGS,1
	0x3bbb		
.debug_str	0x6236f	0xe	common\libs\txm_lib.lib(txm_thread_preemption_change.o)	#SHT_PROGBITS,SHF_MERGE|SHF_STRINGS,1
	0x3bc9		
.debug_str	0x6237d	0x9d	common\libs\txm_lib.lib(txm_thread_resume.o)	#SHT_PROGBITS,SHF_MERGE|SHF_STRINGS,1
	0x3bd7		
.debug_str	0x6241a	0x13	common\libs\txm_lib.lib(txm_thread_resume.o)	#SHT_PROGBITS,SHF_MERGE|SHF_STRINGS,1
	0x3c74		
.debug_str	0x6242d	0x9c	common\libs\txm_lib.lib(txm_thread_sleep.o)	#SHT_PROGBITS,SHF_MERGE|SHF_STRINGS,1
	0x3c87		
.debug_str	0x624c9	0x11	common\libs\txm_lib.lib(txm_thread_sleep.o)	#SHT_PROGBITS,SHF_MERGE|SHF_STRINGS,1
	0x3d23		
.debug_str	0x624da	0xc	common\libs\txm_lib.lib(txm_thread_sleep.o)	#SHT_PROGBITS,SHF_MERGE|SHF_STRINGS,1
	0x3d34		
.debug_str	0x624e6	0xa0	common\libs\txm_lib.lib(txm_thread_terminate.o)	#SHT_PROGBITS,SHF_MERGE|SHF_STRINGS,1
	0x3d40		
.debug_str	0x62586	0x16	common\libs\txm_lib.lib(txm_thread_terminate.o)	#SHT_PROGBITS,SHF_MERGE|SHF_STRINGS,1
	0x3de0		
.debug_str	0x6259c	0x98	common\libs\txm_lib.lib(txm_time_get.o)	#SHT_PROGBITS,SHF_MERGE|SHF_STRINGS,1
	0x3df6		
.debug_str	0x62634	0xd	common\libs\txm_lib.lib(txm_time_get.o)	#SHT_PROGBITS,SHF_MERGE|SHF_STRINGS,1
	0x3e8e		

.debug_loc	0x62641	0xd17 # Offset: 0x62641
*(.debug_loc )
.debug_loc	0x62641	0x39	common\libs\qapi_psm_lib.lib(qapi_psm_user.o)	#SHT_PROGBITS,,1
.debug_loc	0x6267a	0x2f6	common\libs\timer_dam_lib.lib(qapi_timer_user.o)	#SHT_PROGBITS,,1
.debug_loc	0x62970	0x3c	common\libs\txm_lib.lib(txm_module_thread_shell_entry.o)	#SHT_PROGBITS,,1
.debug_loc	0x629ac	0xa6	common\libs\txm_lib.lib(txm_module_callback_request_thread_entry.o)	#SHT_PROGBITS,,1
.debug_loc	0x62a52	0x103	common\libs\txm_lib.lib(txm_module_system_call11.o)	#SHT_PROGBITS,,1
.debug_loc	0x62b55	0x118	common\libs\txm_lib.lib(txm_module_system_call12.o)	#SHT_PROGBITS,,1
.debug_loc	0x62c6d	0x94	common\libs\txm_lib.lib(txm_byte_pool_create.o)	#SHT_PROGBITS,,1
.debug_loc	0x62d01	0x80	common\libs\txm_lib.lib(txm_byte_allocate.o)	#SHT_PROGBITS,,1
.debug_loc	0x62d81	0x1e	common\libs\txm_lib.lib(txm_byte_release.o)	#SHT_PROGBITS,,1
.debug_loc	0x62d9f	0x5a	common\libs\txm_lib.lib(txm_event_flags_create.o)	#SHT_PROGBITS,,1
.debug_loc	0x62df9	0x1e	common\libs\txm_lib.lib(txm_event_flags_delete.o)	#SHT_PROGBITS,,1
.debug_loc	0x62e17	0x94	common\libs\txm_lib.lib(txm_event_flags_get.o)	#SHT_PROGBITS,,1
.debug_loc	0x62eab	0xa8	common\libs\txm_lib.lib(txm_event_flags_info_get.o)	#SHT_PROGBITS,,1
.debug_loc	0x62f53	0x5a	common\libs\txm_lib.lib(txm_event_flags_set.o)	#SHT_PROGBITS,,1
.debug_loc	0x62fad	0x3c	common\libs\txm_lib.lib(txm_module_object_allocate.o)	#SHT_PROGBITS,,1
.debug_loc	0x62fe9	0x1e	common\libs\txm_lib.lib(txm_module_object_deallocate.o)	#SHT_PROGBITS,,1
.debug_loc	0x63007	0x1e	common\libs\txm_lib.lib(txm_module_thread_system_suspend.o)	#SHT_PROGBITS,,1
.debug_loc	0x63025	0x80	common\libs\txm_lib.lib(txm_mutex_create.o)	#SHT_PROGBITS,,1
.debug_loc	0x630a5	0x1e	common\libs\txm_lib.lib(txm_mutex_delete.o)	#SHT_PROGBITS,,1
.debug_loc	0x630c3	0x3c	common\libs\txm_lib.lib(txm_mutex_get.o)	#SHT_PROGBITS,,1
.debug_loc	0x630ff	0x1e	common\libs\txm_lib.lib(txm_mutex_put.o)	#SHT_PROGBITS,,1
.debug_loc	0x6311d	0x5a	common\libs\txm_lib.lib(txm_queue_receive.o)	#SHT_PROGBITS,,1
.debug_loc	0x63177	0x10f	common\libs\txm_lib.lib(txm_thread_create.o)	#SHT_PROGBITS,,1
.debug_loc	0x63286	0x1e	common\libs\txm_lib.lib(txm_thread_delete.o)	#SHT_PROGBITS,,1
.debug_loc	0x632a4	0x5a	common\libs\txm_lib.lib(txm_thread_preemption_change.o)	#SHT_PROGBITS,,1
.debug_loc	0x632fe	0x1e	common\libs\txm_lib.lib(txm_thread_resume.o)	#SHT_PROGBITS,,1
.debug_loc	0x6331c	0x1e	common\libs\txm_lib.lib(txm_thread_sleep.o)	#SHT_PROGBITS,,1
.debug_loc	0x6333a	0x1e	common\libs\txm_lib.lib(txm_thread_terminate.o)	#SHT_PROGBITS,,1

.debug_macinfo	0x63358	0x1e # Offset: 0x63358
*(.debug_macinfo )
.debug_macinfo	0x63358	0x1	common\libs\qapi_psm_lib.lib(qapi_psm_user.o)	#SHT_PROGBITS,,1
.debug_macinfo	0x63359	0x1	common\libs\timer_dam_lib.lib(qapi_timer_user.o)	#SHT_PROGBITS,,1
.debug_macinfo	0x6335a	0x1	common\libs\txm_lib.lib(txm_module_thread_shell_entry.o)	#SHT_PROGBITS,,1
.debug_macinfo	0x6335b	0x1	common\libs\txm_lib.lib(txm_module_callback_request_thread_entry.o)	#SHT_PROGBITS,,1
.debug_macinfo	0x6335c	0x1	common\libs\txm_lib.lib(txm_module_system_call11.o)	#SHT_PROGBITS,,1
.debug_macinfo	0x6335d	0x1	common\libs\txm_lib.lib(txm_module_system_call12.o)	#SHT_PROGBITS,,1
.debug_macinfo	0x6335e	0x1	common\libs\txm_lib.lib(txm_byte_pool_create.o)	#SHT_PROGBITS,,1
.debug_macinfo	0x6335f	0x1	common\libs\txm_lib.lib(txm_byte_allocate.o)	#SHT_PROGBITS,,1
.debug_macinfo	0x63360	0x1	common\libs\txm_lib.lib(txm_byte_release.o)	#SHT_PROGBITS,,1
.debug_macinfo	0x63361	0x1	common\libs\txm_lib.lib(txm_event_flags_create.o)	#SHT_PROGBITS,,1
.debug_macinfo	0x63362	0x1	common\libs\txm_lib.lib(txm_event_flags_delete.o)	#SHT_PROGBITS,,1
.debug_macinfo	0x63363	0x1	common\libs\txm_lib.lib(txm_event_flags_get.o)	#SHT_PROGBITS,,1
.debug_macinfo	0x63364	0x1	common\libs\txm_lib.lib(txm_event_flags_info_get.o)	#SHT_PROGBITS,,1
.debug_macinfo	0x63365	0x1	common\libs\txm_lib.lib(txm_event_flags_set.o)	#SHT_PROGBITS,,1
.debug_macinfo	0x63366	0x1	common\libs\txm_lib.lib(txm_module_object_allocate.o)	#SHT_PROGBITS,,1
.debug_macinfo	0x63367	0x1	common\libs\txm_lib.lib(txm_module_object_deallocate.o)	#SHT_PROGBITS,,1
.debug_macinfo	0x63368	0x1	common\libs\txm_lib.lib(txm_module_thread_system_suspend.o)	#SHT_PROGBITS,,1
.debug_macinfo	0x63369	0x1	common\libs\txm_lib.lib(txm_mutex_create.o)	#SHT_PROGBITS,,1
.debug_macinfo	0x6336a	0x1	common\libs\txm_lib.lib(txm_mutex_delete.o)	#SHT_PROGBITS,,1
.debug_macinfo	0x6336b	0x1	common\libs\txm_lib.lib(txm_mutex_get.o)	#SHT_PROGBITS,,1
.debug_macinfo	0x6336c	0x1	common\libs\txm_lib.lib(txm_mutex_put.o)	#SHT_PROGBITS,,1
.debug_macinfo	0x6336d	0x1	common\libs\txm_lib.lib(txm_queue_receive.o)	#SHT_PROGBITS,,1
.debug_macinfo	0x6336e	0x1	common\libs\txm_lib.lib(txm_thread_create.o)	#SHT_PROGBITS,,1
.debug_macinfo	0x6336f	0x1	common\libs\txm_lib.lib(txm_thread_delete.o)	#SHT_PROGBITS,,1
.debug_macinfo	0x63370	0x1	common\libs\txm_lib.lib(txm_thread_identify.o)	#SHT_PROGBITS,,1
.debug_macinfo	0x63371	0x1	common\libs\txm_lib.lib(txm_thread_preemption_change.o)	#SHT_PROGBITS,,1
.debug_macinfo	0x63372	0x1	common\libs\txm_lib.lib(txm_thread_resume.o)	#SHT_PROGBITS,,1
.debug_macinfo	0x63373	0x1	common\libs\txm_lib.lib(txm_thread_sleep.o)	#SHT_PROGBITS,,1
.debug_macinfo	0x63374	0x1	common\libs\txm_lib.lib(txm_thread_terminate.o)	#SHT_PROGBITS,,1
.debug_macinfo	0x63375	0x1	common\libs\txm_lib.lib(txm_time_get.o)	#SHT_PROGBITS,,1

.debug_weaknames	0x63376	0x0 # Offset: 0x63376

.debug_funcnames	0x63376	0x0 # Offset: 0x63376

.debug_typenames	0x63376	0x0 # Offset: 0x63376

.debug_varnames	0x63376	0x0 # Offset: 0x63376

.debug_pubtypes	0x63376	0x1c01 # Offset: 0x63376
*(.debug_pubtypes )
.debug_pubtypes	0x63376	0x63	common\libs\qapi_psm_lib.lib(qapi_psm_user.o)	#SHT_PROGBITS,,1
.debug_pubtypes	0x633d9	0x2bb	common\libs\timer_dam_lib.lib(qapi_timer_user.o)	#SHT_PROGBITS,,1
.debug_pubtypes	0x63694	0x1ea	common\libs\txm_lib.lib(txm_module_thread_shell_entry.o)	#SHT_PROGBITS,,1
.debug_pubtypes	0x6387e	0x25e	common\libs\txm_lib.lib(txm_module_callback_request_thread_entry.o)	#SHT_PROGBITS,,1
.debug_pubtypes	0x63adc	0x32	common\libs\txm_lib.lib(txm_module_system_call11.o)	#SHT_PROGBITS,,1
.debug_pubtypes	0x63b0e	0x32	common\libs\txm_lib.lib(txm_module_system_call12.o)	#SHT_PROGBITS,,1
.debug_pubtypes	0x63b40	0x128	common\libs\txm_lib.lib(txm_byte_pool_create.o)	#SHT_PROGBITS,,1
.debug_pubtypes	0x63c68	0x128	common\libs\txm_lib.lib(txm_byte_allocate.o)	#SHT_PROGBITS,,1
.debug_pubtypes	0x63d90	0x4c	common\libs\txm_lib.lib(txm_byte_release.o)	#SHT_PROGBITS,,1
.debug_pubtypes	0x63ddc	0x11c	common\libs\txm_lib.lib(txm_event_flags_create.o)	#SHT_PROGBITS,,1
.debug_pubtypes	0x63ef8	0x11c	common\libs\txm_lib.lib(txm_event_flags_delete.o)	#SHT_PROGBITS,,1
.debug_pubtypes	0x64014	0x11c	common\libs\txm_lib.lib(txm_event_flags_get.o)	#SHT_PROGBITS,,1
.debug_pubtypes	0x64130	0x11c	common\libs\txm_lib.lib(txm_event_flags_info_get.o)	#SHT_PROGBITS,,1
.debug_pubtypes	0x6424c	0x11c	common\libs\txm_lib.lib(txm_event_flags_set.o)	#SHT_PROGBITS,,1
.debug_pubtypes	0x64368	0x4c	common\libs\txm_lib.lib(txm_module_object_allocate.o)	#SHT_PROGBITS,,1
.debug_pubtypes	0x643b4	0x4c	common\libs\txm_lib.lib(txm_module_object_deallocate.o)	#SHT_PROGBITS,,1
.debug_pubtypes	0x64400	0xe3	common\libs\txm_lib.lib(txm_module_thread_system_suspend.o)	#SHT_PROGBITS,,1
.debug_pubtypes	0x644e3	0xf0	common\libs\txm_lib.lib(txm_mutex_create.o)	#SHT_PROGBITS,,1
.debug_pubtypes	0x645d3	0xf0	common\libs\txm_lib.lib(txm_mutex_delete.o)	#SHT_PROGBITS,,1
.debug_pubtypes	0x646c3	0xf0	common\libs\txm_lib.lib(txm_mutex_get.o)	#SHT_PROGBITS,,1
.debug_pubtypes	0x647b3	0xf0	common\libs\txm_lib.lib(txm_mutex_put.o)	#SHT_PROGBITS,,1
.debug_pubtypes	0x648a3	0x104	common\libs\txm_lib.lib(txm_queue_receive.o)	#SHT_PROGBITS,,1
.debug_pubtypes	0x649a7	0xe3	common\libs\txm_lib.lib(txm_thread_create.o)	#SHT_PROGBITS,,1
.debug_pubtypes	0x64a8a	0xe3	common\libs\txm_lib.lib(txm_thread_delete.o)	#SHT_PROGBITS,,1
.debug_pubtypes	0x64b6d	0xe3	common\libs\txm_lib.lib(txm_thread_identify.o)	#SHT_PROGBITS,,1
.debug_pubtypes	0x64c50	0xe3	common\libs\txm_lib.lib(txm_thread_preemption_change.o)	#SHT_PROGBITS,,1
.debug_pubtypes	0x64d33	0xe3	common\libs\txm_lib.lib(txm_thread_resume.o)	#SHT_PROGBITS,,1
.debug_pubtypes	0x64e16	0x4c	common\libs\txm_lib.lib(txm_thread_sleep.o)	#SHT_PROGBITS,,1
.debug_pubtypes	0x64e62	0xe3	common\libs\txm_lib.lib(txm_thread_terminate.o)	#SHT_PROGBITS,,1
.debug_pubtypes	0x64f45	0x32	common\libs\txm_lib.lib(txm_time_get.o)	#SHT_PROGBITS,,1

.debug_ranges	0x64f77	0x78 # Offset: 0x64f77
*(.debug_ranges )
.debug_ranges	0x64f77	0x58	common\libs\timer_dam_lib.lib(qapi_timer_user.o)	#SHT_PROGBITS,,1
.debug_ranges	0x64fcf	0x20	common\libs\txm_lib.lib(txm_module_thread_shell_entry.o)	#SHT_PROGBITS,,1

.gnu.attributes	0x0	0x0 # Offset: 0x64fef, LMA: 0x0

.note.gnu.arm.ident	0x0	0x0 # Offset: 0x64fef, LMA: 0x0

.ARM.attributes	0x64fef	0x10 # Offset: 0x64fef

.comment	0x64fff	0xa2 # Offset: 0x64fff
.comment	0x64fff	0x1	C:\Users\2166772\Downloads\snapdragon_sd_llvm_arm.win.4.0_installer_41720.103-16-22_11_46_50\Snapdragon_SD_LLVM_ARM_WIN_4_0_Installer_41720_1\Snapdragon-llvm-4.0.17-windows64\armv7m-none-eabi\libc\lib/libc.a(malloc.o)	#SHT_PROGBITS,SHF_MERGE|SHF_STRINGS,1
.comment	0x65079	0x28	Linker Version	#SHT_PROGBITS,SHF_MERGE|SHF_STRINGS,1

.note.GNU-stack	0x650a1	0x0 # Offset: 0x650a1

/DISCARD/	0xb2	0x0 # Offset: 0x650a1, LMA: 0x0

.shstrtab	0x650a1	0xcc # Offset: 0x650a1

.symtab	0x65170	0x1ef20 # Offset: 0x65170

.strtab	0x84090	0x1d8fc # Offset: 0x84090
